Component: ARM Compiler 5.06 update 6 (build 750) Tool: armlink [4d35ed]

==============================================================================

Section Cross References

    startup_stm32f407xx.o(RESET) refers to startup_stm32f407xx.o(STACK) for __initial_sp
    startup_stm32f407xx.o(RESET) refers to startup_stm32f407xx.o(.text) for Reset_Handler
    startup_stm32f407xx.o(RESET) refers to stm32f4xx_it.o(i.NMI_Handler) for NMI_Handler
    startup_stm32f407xx.o(RESET) refers to stm32f4xx_it.o(i.HardFault_Handler) for HardFault_Handler
    startup_stm32f407xx.o(RESET) refers to stm32f4xx_it.o(i.MemManage_Handler) for MemManage_Handler
    startup_stm32f407xx.o(RESET) refers to stm32f4xx_it.o(i.BusFault_Handler) for BusFault_Handler
    startup_stm32f407xx.o(RESET) refers to stm32f4xx_it.o(i.UsageFault_Handler) for UsageFault_Handler
    startup_stm32f407xx.o(RESET) refers to stm32f4xx_it.o(i.SVC_Handler) for SVC_Handler
    startup_stm32f407xx.o(RESET) refers to stm32f4xx_it.o(i.DebugMon_Handler) for DebugMon_Handler
    startup_stm32f407xx.o(RESET) refers to stm32f4xx_it.o(i.PendSV_Handler) for PendSV_Handler
    startup_stm32f407xx.o(RESET) refers to stm32f4xx_it.o(i.SysTick_Handler) for SysTick_Handler
    startup_stm32f407xx.o(RESET) refers to stm32f4xx_it.o(i.TIM3_IRQHandler) for TIM3_IRQHandler
    startup_stm32f407xx.o(RESET) refers to stm32f4xx_it.o(i.I2C1_EV_IRQHandler) for I2C1_EV_IRQHandler
    startup_stm32f407xx.o(RESET) refers to stm32f4xx_it.o(i.I2C1_ER_IRQHandler) for I2C1_ER_IRQHandler
    startup_stm32f407xx.o(.text) refers to system_stm32f4xx.o(i.SystemInit) for SystemInit
    startup_stm32f407xx.o(.text) refers to entry.o(.ARM.Collect$$$$00000000) for __main
    bme280.o(i.bme280_compensate_data) refers to bme280.o(i.compensate_temperature) for compensate_temperature
    bme280.o(i.bme280_compensate_data) refers to bme280.o(i.compensate_pressure) for compensate_pressure
    bme280.o(i.bme280_compensate_data) refers to bme280.o(i.compensate_humidity) for compensate_humidity
    bme280.o(i.bme280_get_regs) refers to bme280.o(i.null_ptr_check) for null_ptr_check
    bme280.o(i.bme280_get_sensor_data) refers to bme280.o(i.null_ptr_check) for null_ptr_check
    bme280.o(i.bme280_get_sensor_data) refers to bme280.o(i.bme280_get_regs) for bme280_get_regs
    bme280.o(i.bme280_get_sensor_data) refers to bme280.o(i.bme280_parse_sensor_data) for bme280_parse_sensor_data
    bme280.o(i.bme280_get_sensor_data) refers to bme280.o(i.bme280_compensate_data) for bme280_compensate_data
    bme280.o(i.bme280_get_sensor_mode) refers to bme280.o(i.null_ptr_check) for null_ptr_check
    bme280.o(i.bme280_get_sensor_mode) refers to bme280.o(i.bme280_get_regs) for bme280_get_regs
    bme280.o(i.bme280_get_sensor_settings) refers to bme280.o(i.null_ptr_check) for null_ptr_check
    bme280.o(i.bme280_get_sensor_settings) refers to bme280.o(i.bme280_get_regs) for bme280_get_regs
    bme280.o(i.bme280_get_sensor_settings) refers to bme280.o(i.parse_device_settings) for parse_device_settings
    bme280.o(i.bme280_init) refers to bme280.o(i.null_ptr_check) for null_ptr_check
    bme280.o(i.bme280_init) refers to bme280.o(i.bme280_get_regs) for bme280_get_regs
    bme280.o(i.bme280_init) refers to bme280.o(i.bme280_soft_reset) for bme280_soft_reset
    bme280.o(i.bme280_init) refers to bme280.o(i.get_calib_data) for get_calib_data
    bme280.o(i.bme280_set_regs) refers to bme280.o(i.null_ptr_check) for null_ptr_check
    bme280.o(i.bme280_set_regs) refers to bme280.o(i.interleave_reg_addr) for interleave_reg_addr
    bme280.o(i.bme280_set_sensor_mode) refers to bme280.o(i.null_ptr_check) for null_ptr_check
    bme280.o(i.bme280_set_sensor_mode) refers to bme280.o(i.bme280_get_sensor_mode) for bme280_get_sensor_mode
    bme280.o(i.bme280_set_sensor_mode) refers to bme280.o(i.put_device_to_sleep) for put_device_to_sleep
    bme280.o(i.bme280_set_sensor_mode) refers to bme280.o(i.write_power_mode) for write_power_mode
    bme280.o(i.bme280_set_sensor_settings) refers to bme280.o(i.null_ptr_check) for null_ptr_check
    bme280.o(i.bme280_set_sensor_settings) refers to bme280.o(i.bme280_get_sensor_mode) for bme280_get_sensor_mode
    bme280.o(i.bme280_set_sensor_settings) refers to bme280.o(i.put_device_to_sleep) for put_device_to_sleep
    bme280.o(i.bme280_set_sensor_settings) refers to bme280.o(i.are_settings_changed) for are_settings_changed
    bme280.o(i.bme280_set_sensor_settings) refers to bme280.o(i.set_osr_settings) for set_osr_settings
    bme280.o(i.bme280_set_sensor_settings) refers to bme280.o(i.set_filter_standby_settings) for set_filter_standby_settings
    bme280.o(i.bme280_soft_reset) refers to bme280.o(i.null_ptr_check) for null_ptr_check
    bme280.o(i.bme280_soft_reset) refers to bme280.o(i.bme280_set_regs) for bme280_set_regs
    bme280.o(i.bme280_soft_reset) refers to bme280.o(i.bme280_get_regs) for bme280_get_regs
[...]
    Removing stm32f4xx_hal_flash_ex.o(i.FLASH_OB_EnableWRP), (40 bytes).
    Removing stm32f4xx_hal_flash_ex.o(i.FLASH_OB_GetBOR), (16 bytes).
    Removing stm32f4xx_hal_flash_ex.o(i.FLASH_OB_GetRDP), (36 bytes).
    Removing stm32f4xx_hal_flash_ex.o(i.FLASH_OB_GetUser), (16 bytes).
    Removing stm32f4xx_hal_flash_ex.o(i.FLASH_OB_GetWRP), (12 bytes).
    Removing stm32f4xx_hal_flash_ex.o(i.FLASH_OB_RDP_LevelConfig), (32 bytes).
    Removing stm32f4xx_hal_flash_ex.o(i.FLASH_OB_UserConfig), (60 bytes).
    Removing stm32f4xx_hal_flash_ex.o(i.HAL_FLASHEx_Erase), (172 bytes).
    Removing stm32f4xx_hal_flash_ex.o(i.HAL_FLASHEx_Erase_IT), (120 bytes).
    Removing stm32f4xx_hal_flash_ex.o(i.HAL_FLASHEx_OBGetConfig), (34 bytes).
    Removing stm32f4xx_hal_flash_ex.o(i.HAL_FLASHEx_OBProgram), (148 bytes).
    Removing stm32f4xx_hal_flash_ramfunc.o(.rev16_text), (4 bytes).
    Removing stm32f4xx_hal_flash_ramfunc.o(.revsh_text), (4 bytes).
    Removing stm32f4xx_hal_flash_ramfunc.o(.rrx_text), (6 bytes).
    Removing stm32f4xx_hal_gpio.o(.rev16_text), (4 bytes).
    Removing stm32f4xx_hal_gpio.o(.revsh_text), (4 bytes).
    Removing stm32f4xx_hal_gpio.o(.rrx_text), (6 bytes).
    Removing stm32f4xx_hal_gpio.o(i.HAL_GPIO_DeInit), (356 bytes).
    Removing stm32f4xx_hal_gpio.o(i.HAL_GPIO_EXTI_Callback), (2 bytes).
    Removing stm32f4xx_hal_gpio.o(i.HAL_GPIO_EXTI_IRQHandler), (28 bytes).
    Removing stm32f4xx_hal_gpio.o(i.HAL_GPIO_LockPin), (46 bytes).
    Removing stm32f4xx_hal_gpio.o(i.HAL_GPIO_ReadPin), (16 bytes).
    Removing stm32f4xx_hal_gpio.o(i.HAL_GPIO_TogglePin), (18 bytes).
    Removing stm32f4xx_hal_dma_ex.o(.rev16_text), (4 bytes).
    Removing stm32f4xx_hal_dma_ex.o(.revsh_text), (4 bytes).
    Removing stm32f4xx_hal_dma_ex.o(.rrx_text), (6 bytes).
    Removing stm32f4xx_hal_dma_ex.o(i.DMA_MultiBufferSetConfig), (32 bytes).
    Removing stm32f4xx_hal_dma_ex.o(i.HAL_DMAEx_ChangeMemory), (18 bytes).
    Removing stm32f4xx_hal_dma_ex.o(i.HAL_DMAEx_MultiBufferStart), (124 bytes).
    Removing stm32f4xx_hal_dma_ex.o(i.HAL_DMAEx_MultiBufferStart_IT), (4056 bytes).
    Removing stm32f4xx_hal_dma.o(.rev16_text), (4 bytes).
    Removing stm32f4xx_hal_dma.o(.revsh_text), (4 bytes).
    Removing stm32f4xx_hal_dma.o(.rrx_text), (6 bytes).
    Removing stm32f4xx_hal_dma.o(i.DMA_CalcBaseAndBitshift), (52 bytes).
    Removing stm32f4xx_hal_dma.o(i.DMA_CheckFifoParam), (170 bytes).
    Removing stm32f4xx_hal_dma.o(i.DMA_SetConfig), (44 bytes).
    Removing stm32f4xx_hal_dma.o(i.HAL_DMA_Abort), (170 bytes).
    Removing stm32f4xx_hal_dma.o(i.HAL_DMA_DeInit), (112 bytes).
    Removing stm32f4xx_hal_dma.o(i.HAL_DMA_GetError), (6 bytes).
    Removing stm32f4xx_hal_dma.o(i.HAL_DMA_IRQHandler), (576 bytes).
    Removing stm32f4xx_hal_dma.o(i.HAL_DMA_Init), (236 bytes).
    Removing stm32f4xx_hal_dma.o(i.HAL_DMA_PollForTransfer), (346 bytes).
    Removing stm32f4xx_hal_dma.o(i.HAL_DMA_RegisterCallback), (94 bytes).
    Removing stm32f4xx_hal_dma.o(i.HAL_DMA_Start), (102 bytes).
    Removing stm32f4xx_hal_dma.o(i.HAL_DMA_Start_IT), (146 bytes).
    Removing stm32f4xx_hal_dma.o(i.HAL_DMA_UnRegisterCallback), (124 bytes).
    Removing stm32f4xx_hal_dma.o(.constdata), (8 bytes).
    Removing stm32f4xx_hal_pwr.o(.rev16_text), (4 bytes).
    Removing stm32f4xx_hal_pwr.o(.revsh_text), (4 bytes).
    Removing stm32f4xx_hal_pwr.o(.rrx_text), (6 bytes).
    Removing stm32f4xx_hal_pwr.o(i.HAL_PWR_ConfigPVD), (180 bytes).
    Removing stm32f4xx_hal_pwr.o(i.HAL_PWR_DeInit), (28 bytes).
    Removing stm32f4xx_hal_pwr.o(i.HAL_PWR_DisableBkUpAccess), (12 bytes).
    Removing stm32f4xx_hal_pwr.o(i.HAL_PWR_DisablePVD), (12 bytes).
    Removing stm32f4xx_hal_pwr.o(i.HAL_PWR_DisableSEVOnPend), (20 bytes).
    Removing stm32f4xx_hal_pwr.o(i.HAL_PWR_DisableSleepOnExit), (20 bytes).
    Removing stm32f4xx_hal_pwr.o(i.HAL_PWR_DisableWakeUpPin), (16 bytes).
    Removing stm32f4xx_hal_pwr.o(i.HAL_PWR_EnableBkUpAccess), (12 bytes).
    Removing stm32f4xx_hal_pwr.o(i.HAL_PWR_EnablePVD), (12 bytes).
    Removing stm32f4xx_hal_pwr.o(i.HAL_PWR_EnableSEVOnPend), (20 bytes).
    Removing stm32f4xx_hal_pwr.o(i.HAL_PWR_EnableSleepOnExit), (20 bytes).
    Removing stm32f4xx_hal_pwr.o(i.HAL_PWR_EnableWakeUpPin), (16 bytes).
    Removing stm32f4xx_hal_pwr.o(i.HAL_PWR_EnterSLEEPMode), (32 bytes).
    Removing stm32f4xx_hal_pwr.o(i.HAL_PWR_EnterSTANDBYMode), (40 bytes).
    Removing stm32f4xx_hal_pwr.o(i.HAL_PWR_EnterSTOPMode), (64 bytes).
    Removing stm32f4xx_hal_pwr.o(i.HAL_PWR_PVDCallback), (2 bytes).
    Removing stm32f4xx_hal_pwr.o(i.HAL_PWR_PVD_IRQHandler), (32 bytes).
    Removing stm32f4xx_hal_pwr_ex.o(.rev16_text), (4 bytes).
    Removing stm32f4xx_hal_pwr_ex.o(.revsh_text), (4 bytes).
    Removing stm32f4xx_hal_pwr_ex.o(.rrx_text), (6 bytes).
    Removing stm32f4xx_hal_pwr_ex.o(i.HAL_PWREx_ControlVoltageScaling), (120 bytes).
    Removing stm32f4xx_hal_pwr_ex.o(i.HAL_PWREx_DisableBkUpReg), (60 bytes).
    Removing stm32f4xx_hal_pwr_ex.o(i.HAL_PWREx_DisableFlashPowerDown), (12 bytes).
    Removing stm32f4xx_hal_pwr_ex.o(i.HAL_PWREx_EnableBkUpReg), (60 bytes).
    Removing stm32f4xx_hal_pwr_ex.o(i.HAL_PWREx_EnableFlashPowerDown), (12 bytes).
    Removing stm32f4xx_hal_pwr_ex.o(i.HAL_PWREx_GetVoltageRange), (16 bytes).
    Removing stm32f4xx_hal_cortex.o(.rev16_text), (4 bytes).
    Removing stm32f4xx_hal_cortex.o(.revsh_text), (4 bytes).
    Removing stm32f4xx_hal_cortex.o(.rrx_text), (6 bytes).
    Removing stm32f4xx_hal_cortex.o(i.HAL_MPU_ConfigRegion), (92 bytes).
    Removing stm32f4xx_hal_cortex.o(i.HAL_MPU_Disable), (44 bytes).
    Removing stm32f4xx_hal_cortex.o(i.HAL_MPU_Enable), (64 bytes).
    Removing stm32f4xx_hal_cortex.o(i.HAL_NVIC_ClearPendingIRQ), (36 bytes).
    Removing stm32f4xx_hal_cortex.o(i.HAL_NVIC_DisableIRQ), (68 bytes).
    Removing stm32f4xx_hal_cortex.o(i.HAL_NVIC_GetActive), (48 bytes).
    Removing stm32f4xx_hal_cortex.o(i.HAL_NVIC_GetPendingIRQ), (48 bytes).
    Removing stm32f4xx_hal_cortex.o(i.HAL_NVIC_GetPriority), (148 bytes).
    Removing stm32f4xx_hal_cortex.o(i.HAL_NVIC_GetPriorityGrouping), (8 bytes).
    Removing stm32f4xx_hal_cortex.o(i.HAL_NVIC_SetPendingIRQ), (36 bytes).
    Removing stm32f4xx_hal_cortex.o(i.HAL_NVIC_SystemReset), (68 bytes).
    Removing stm32f4xx_hal_cortex.o(i.HAL_SYSTICK_CLKSourceConfig), (40 bytes).
    Removing stm32f4xx_hal_cortex.o(i.HAL_SYSTICK_Callback), (2 bytes).
    Removing stm32f4xx_hal_cortex.o(i.HAL_SYSTICK_IRQHandler), (8 bytes).
    Removing stm32f4xx_hal.o(.rev16_text), (4 bytes).
    Removing stm32f4xx_hal.o(.revsh_text), (4 bytes).
    Removing stm32f4xx_hal.o(.rrx_text), (6 bytes).
    Removing stm32f4xx_hal.o(i.HAL_DBGMCU_DisableDBGSleepMode), (20 bytes).
    Removing stm32f4xx_hal.o(i.HAL_DBGMCU_DisableDBGStandbyMode), (20 bytes).
    Removing stm32f4xx_hal.o(i.HAL_DBGMCU_DisableDBGStopMode), (20 bytes).
    Removing stm32f4xx_hal.o(i.HAL_DBGMCU_EnableDBGSleepMode), (20 bytes).
    Removing stm32f4xx_hal.o(i.HAL_DBGMCU_EnableDBGStandbyMode), (20 bytes).
    Removing stm32f4xx_hal.o(i.HAL_DBGMCU_EnableDBGStopMode), (20 bytes).
    Removing stm32f4xx_hal.o(i.HAL_DeInit), (68 bytes).
    Removing stm32f4xx_hal.o(i.HAL_DisableCompensationCell), (12 bytes).
    Removing stm32f4xx_hal.o(i.HAL_EnableCompensationCell), (12 bytes).
    Removing stm32f4xx_hal.o(i.HAL_GetDEVID), (16 bytes).
    Removing stm32f4xx_hal.o(i.HAL_GetHalVersion), (8 bytes).
    Removing stm32f4xx_hal.o(i.HAL_GetREVID), (12 bytes).
    Removing stm32f4xx_hal.o(i.HAL_GetTickFreq), (12 bytes).
    Removing stm32f4xx_hal.o(i.HAL_GetTickPrio), (12 bytes).
    Removing stm32f4xx_hal.o(i.HAL_GetUIDw0), (12 bytes).
    Removing stm32f4xx_hal.o(i.HAL_GetUIDw1), (12 bytes).
    Removing stm32f4xx_hal.o(i.HAL_GetUIDw2), (12 bytes).
    Removing stm32f4xx_hal.o(i.HAL_MspDeInit), (2 bytes).
    Removing stm32f4xx_hal.o(i.HAL_MspInit), (2 bytes).
    Removing stm32f4xx_hal.o(i.HAL_ResumeTick), (18 bytes).
    Removing stm32f4xx_hal.o(i.HAL_SetTickFreq), (48 bytes).
    Removing stm32f4xx_hal.o(i.HAL_SuspendTick), (18 bytes).
    Removing stm32f4xx_hal_exti.o(.rev16_text), (4 bytes).
    Removing stm32f4xx_hal_exti.o(.revsh_text), (4 bytes).
    Removing stm32f4xx_hal_exti.o(.rrx_text), (6 bytes).
    Removing stm32f4xx_hal_exti.o(i.HAL_EXTI_ClearConfigLine), (120 bytes).
    Removing stm32f4xx_hal_exti.o(i.HAL_EXTI_ClearPending), (28 bytes).
    Removing stm32f4xx_hal_exti.o(i.HAL_EXTI_GenerateSWI), (24 bytes).
    Removing stm32f4xx_hal_exti.o(i.HAL_EXTI_GetConfigLine), (176 bytes).
    Removing stm32f4xx_hal_exti.o(i.HAL_EXTI_GetHandle), (14 bytes).
    Removing stm32f4xx_hal_exti.o(i.HAL_EXTI_GetPending), (36 bytes).
    Removing stm32f4xx_hal_exti.o(i.HAL_EXTI_IRQHandler), (44 bytes).
    Removing stm32f4xx_hal_exti.o(i.HAL_EXTI_RegisterCallback), (20 bytes).
    Removing stm32f4xx_hal_exti.o(i.HAL_EXTI_SetConfigLine), (240 bytes).
    Removing system_stm32f4xx.o(.rev16_text), (4 bytes).
    Removing system_stm32f4xx.o(.revsh_text), (4 bytes).
    Removing system_stm32f4xx.o(.rrx_text), (6 bytes).
    Removing system_stm32f4xx.o(i.SystemCoreClockUpdate), (192 bytes).

452 unused section(s) (total 42222 bytes) removed from the image.

==============================================================================

Image Symbol Table

    Local Symbols

    Symbol Name                              Value     Ov Type        Size  Object(Section)

    ../Drivers/STM32F4xx_HAL_Driver/Src/stm32f4xx_hal.c 0x00000000   Number         0  stm32f4xx_hal.o ABSOLUTE
    ../Drivers/STM32F4xx_HAL_Driver/Src/stm32f4xx_hal_cortex.c 0x00000000   Number         0  stm32f4xx_hal_cortex.o ABSOLUTE
    ../Drivers/STM32F4xx_HAL_Driver/Src/stm32f4xx_hal_dma.c 0x00000000   Number         0  stm32f4xx_hal_dma.o ABSOLUTE
    ../Drivers/STM32F4xx_HAL_Driver/Src/stm32f4xx_hal_dma_ex.c 0x00000000   Number         0  stm32f4xx_hal_dma_ex.o ABSOLUTE
    ../Drivers/STM32F4xx_HAL_Driver/Src/stm32f4xx_hal_exti.c 0x00000000   Number         0  stm32f4xx_hal_exti.o ABSOLUTE
    ../Drivers/STM32F4xx_HAL_Driver/Src/stm32f4xx_hal_flash.c 0x00000000   Number         0  stm32f4xx_hal_flash.o ABSOLUTE
    ../Drivers/STM32F4xx_HAL_Driver/Src/stm32f4xx_hal_flash_ex.c 0x00000000   Number         0  stm32f4xx_hal_flash_ex.o ABSOLUTE
    ../Drivers/STM32F4xx_HAL_Driver/Src/stm32f4xx_hal_flash_ramfunc.c 0x00000000   Number         0  stm32f4xx_hal_flash_ramfunc.o ABSOLUTE
    ../Drivers/STM32F4xx_HAL_Driver/Src/stm32f4xx_hal_gpio.c 0x00000000   Number         0  stm32f4xx_hal_gpio.o ABSOLUTE
    ../Drivers/STM32F4xx_HAL_Driver/Src/stm32f4xx_hal_i2c.c 0x00000000   Number         0  stm32f4xx_hal_i2c.o ABSOLUTE
    ../Drivers/STM32F4xx_HAL_Driver/Src/stm32f4xx_hal_i2c_ex.c 0x00000000   Number         0  stm32f4xx_hal_i2c_ex.o ABSOLUTE
    ../Drivers/STM32F4xx_HAL_Driver/Src/stm32f4xx_hal_pwr.c 0x00000000   Number         0  stm32f4xx_hal_pwr.o ABSOLUTE
    ../Drivers/STM32F4xx_HAL_Driver/Src/stm32f4xx_hal_pwr_ex.c 0x00000000   Number         0  stm32f4xx_hal_pwr_ex.o ABSOLUTE
    ../Drivers/STM32F4xx_HAL_Driver/Src/stm32f4xx_hal_rcc.c 0x00000000   Number         0  stm32f4xx_hal_rcc.o ABSOLUTE
    ../Drivers/STM32F4xx_HAL_Driver/Src/stm32f4xx_hal_rcc_ex.c 0x00000000   Number         0  stm32f4xx_hal_rcc_ex.o ABSOLUTE
    ../Drivers/STM32F4xx_HAL_Driver/Src/stm32f4xx_hal_tim.c 0x00000000   Number         0  stm32f4xx_hal_tim.o ABSOLUTE
    ../Drivers/STM32F4xx_HAL_Driver/Src/stm32f4xx_hal_tim_ex.c 0x00000000   Number         0  stm32f4xx_hal_tim_ex.o ABSOLUTE
    ../Drivers/STM32F4xx_HAL_Driver/Src/stm32f4xx_hal_uart.c 0x00000000   Number         0  stm32f4xx_hal_uart.o ABSOLUTE
    ../Src/gpio.c                            0x00000000   Number         0  gpio.o ABSOLUTE
    ../Src/i2c.c                             0x00000000   Number         0  i2c.o ABSOLUTE
    ../Src/main.c                            0x00000000   Number         0  main.o ABSOLUTE
    ../Src/stm32f4xx_hal_msp.c               0x00000000   Number         0  stm32f4xx_hal_msp.o ABSOLUTE
    ../Src/stm32f4xx_it.c                    0x00000000   Number         0  stm32f4xx_it.o ABSOLUTE
    ../Src/system_stm32f4xx.c                0x00000000   Number         0  system_stm32f4xx.o ABSOLUTE
    ../Src/tim.c                             0x00000000   Number         0  tim.o ABSOLUTE
    ../Src/usart.c                           0x00000000   Number         0  usart.o ABSOLUTE
    ../clib/microlib/division.c              0x00000000   Number         0  uldiv.o ABSOLUTE
    ../clib/microlib/division.c              0x00000000   Number         0  ldiv.o ABSOLUTE
    ../clib/microlib/init/entry.s            0x00000000   Number         0  entry8b.o ABSOLUTE
    ../clib/microlib/init/entry.s            0x00000000   Number         0  entry9a.o ABSOLUTE
    ../clib/microlib/init/entry.s            0x00000000   Number         0  entry.o ABSOLUTE
    ../clib/microlib/init/entry.s            0x00000000   Number         0  entry10a.o ABSOLUTE
    ../clib/microlib/init/entry.s            0x00000000   Number         0  entry11a.o ABSOLUTE
    ../clib/microlib/init/entry.s            0x00000000   Number         0  entry5.o ABSOLUTE
    ../clib/microlib/init/entry.s            0x00000000   Number         0  entry2.o ABSOLUTE
    ../clib/microlib/init/entry.s            0x00000000   Number         0  entry7a.o ABSOLUTE
    ../clib/microlib/init/entry.s            0x00000000   Number         0  entry11b.o ABSOLUTE
    ../clib/microlib/init/entry.s            0x00000000   Number         0  entry7b.o ABSOLUTE
    ../clib/microlib/init/entry.s            0x00000000   Number         0  entry10b.o ABSOLUTE
    ../clib/microlib/init/entry.s            0x00000000   Number         0  entry8a.o ABSOLUTE
    ../clib/microlib/init/entry.s            0x00000000   Number         0  entry9b.o ABSOLUTE
    ../clib/microlib/longlong.c              0x00000000   Number         0  llushr.o ABSOLUTE
    ../clib/microlib/longlong.c              0x00000000   Number         0  llshl.o ABSOLUTE
    ../clib/microlib/malloc/malloc.c         0x00000000   Number         0  mallocr.o ABSOLUTE
    ../clib/microlib/malloc/malloc.c         0x00000000   Number         0  malloca.o ABSOLUTE
    ../clib/microlib/malloc/malloc.c         0x00000000   Number         0  mallocra.o ABSOLUTE
    ../clib/microlib/malloc/malloc.c         0x00000000   Number         0  malloc.o ABSOLUTE
    ../clib/microlib/malloc/mvars.c          0x00000000   Number         0  mvars.o ABSOLUTE
    ../clib/microlib/string/memcpy.c         0x00000000   Number         0  memcpya.o ABSOLUTE
    ../clib/microlib/string/memcpy.c         0x00000000   Number         0  memcpyb.o ABSOLUTE
    ../clib/microlib/string/memset.c         0x00000000   Number         0  memseta.o ABSOLUTE
    ..\Drivers\STM32F4xx_HAL_Driver\Src\stm32f4xx_hal.c 0x00000000   Number         0  stm32f4xx_hal.o ABSOLUTE
    ..\Drivers\STM32F4xx_HAL_Driver\Src\stm32f4xx_hal_cortex.c 0x00000000   Number         0  stm32f4xx_hal_cortex.o ABSOLUTE
    ..\Drivers\STM32F4xx_HAL_Driver\Src\stm32f4xx_hal_dma.c 0x00000000   Number         0  stm32f4xx_hal_dma.o ABSOLUTE
    ..\Drivers\STM32F4xx_HAL_Driver\Src\stm32f4xx_hal_dma_ex.c 0x00000000   Number         0  stm32f4xx_hal_dma_ex.o ABSOLUTE
    ..\Drivers\STM32F4xx_HAL_Driver\Src\stm32f4xx_hal_exti.c 0x00000000   Number         0  stm32f4xx_hal_exti.o ABSOLUTE
    ..\Drivers\STM32F4xx_HAL_Driver\Src\stm32f4xx_hal_flash.c 0x00000000   Number         0  stm32f4xx_hal_flash.o ABSOLUTE
    ..\Drivers\STM32F4xx_HAL_Driver\Src\stm32f4xx_hal_flash_ex.c 0x00000000   Number         0  stm32f4xx_hal_flash_ex.o ABSOLUTE
    ..\Drivers\STM32F4xx_HAL_Driver\Src\stm32f4xx_hal_flash_ramfunc.c 0x00000000   Number         0  stm32f4xx_hal_flash_ramfunc.o ABSOLUTE
    ..\Drivers\STM32F4xx_HAL_Driver\Src\stm32f4xx_hal_gpio.c 0x00000000   Number         0  stm32f4xx_hal_gpio.o ABSOLUTE
    ..\Drivers\STM32F4xx_HAL_Driver\Src\stm32f4xx_hal_i2c.c 0x00000000   Number         0  stm32f4xx_hal_i2c.o ABSOLUTE
    ..\Drivers\STM32F4xx_HAL_Driver\Src\stm32f4xx_hal_i2c_ex.c 0x00000000   Number         0  stm32f4xx_hal_i2c_ex.o ABSOLUTE
    ..\Drivers\STM32F4xx_HAL_Driver\Src\stm32f4xx_hal_pwr.c 0x00000000   Number         0  stm32f4xx_hal_pwr.o ABSOLUTE
    ..\Drivers\STM32F4xx_HAL_Driver\Src\stm32f4xx_hal_pwr_ex.c 0x00000000   Number         0  stm32f4xx_hal_pwr_ex.o ABSOLUTE
    ..\Drivers\STM32F4xx_HAL_Driver\Src\stm32f4xx_hal_rcc.c 0x00000000   Number         0  stm32f4xx_hal_rcc.o ABSOLUTE
    ..\Drivers\STM32F4xx_HAL_Driver\Src\stm32f4xx_hal_rcc_ex.c 0x00000000   Number         0  stm32f4xx_hal_rcc_ex.o ABSOLUTE
    ..\Drivers\STM32F4xx_HAL_Driver\Src\stm32f4xx_hal_tim.c 0x00000000   Number         0  stm32f4xx_hal_tim.o ABSOLUTE
    ..\Drivers\STM32F4xx_HAL_Driver\Src\stm32f4xx_hal_tim_ex.c 0x00000000   Number         0  stm32f4xx_hal_tim_ex.o ABSOLUTE
    ..\Drivers\STM32F4xx_HAL_Driver\Src\stm32f4xx_hal_uart.c 0x00000000   Number         0  stm32f4xx_hal_uart.o ABSOLUTE
    ..\Src\bme280.c                          0x00000000   Number         0  bme280.o ABSOLUTE
    ..\Src\gpio.c                            0x00000000   Number         0  gpio.o ABSOLUTE
    ..\Src\i2c.c                             0x00000000   Number         0  i2c.o ABSOLUTE
    ..\Src\main.c                            0x00000000   Number         0  main.o ABSOLUTE
    ..\Src\stm32f4xx_hal_msp.c               0x00000000   Number         0  stm32f4xx_hal_msp.o ABSOLUTE
    ..\Src\stm32f4xx_it.c                    0x00000000   Number         0  stm32f4xx_it.o ABSOLUTE
    ..\Src\system_stm32f4xx.c                0x00000000   Number         0  system_stm32f4xx.o ABSOLUTE
    ..\Src\tim.c                             0x00000000   Number         0  tim.o ABSOLUTE
    ..\Src\usart.c                           0x00000000   Number         0  usart.o ABSOLUTE
    dc.s                                     0x00000000   Number         0  dc.o ABSOLUTE
    handlers.s                               0x00000000   Number         0  handlers.o ABSOLUTE
    init.s                                   0x00000000   Number         0  init.o ABSOLUTE
    startup_stm32f407xx.s                    0x00000000   Number         0  startup_stm32f407xx.o ABSOLUTE
    RESET                                    0x08000000   Section      392  startup_stm32f407xx.o(RESET)
    .ARM.Collect$$$$00000000                 0x08000188   Section        0  entry.o(.ARM.Collect$$$$00000000)
    .ARM.Collect$$$$00000001                 0x08000188   Section        4  entry2.o(.ARM.Collect$$$$00000001)
    .ARM.Collect$$$$00000004                 0x0800018c   Section        4  entry5.o(.ARM.Collect$$$$00000004)
    .ARM.Collect$$$$00000008                 0x08000190   Section        0  entry7b.o(.ARM.Collect$$$$00000008)
    .ARM.Collect$$$$0000000A                 0x08000190   Section        0  entry8b.o(.ARM.Collect$$$$0000000A)
    .ARM.Collect$$$$0000000B                 0x08000190   Section        8  entry9a.o(.ARM.Collect$$$$0000000B)
    .ARM.Collect$$$$0000000D                 0x08000198   Section        0  entry10a.o(.ARM.Collect$$$$0000000D)
    .ARM.Collect$$$$0000000F                 0x08000198   Section        0  entry11a.o(.ARM.Collect$$$$0000000F)
    .ARM.Collect$$$$00002712                 0x08000198   Section        4  entry2.o(.ARM.Collect$$$$00002712)
    __lit__00000000                          0x08000198   Data           4  entry2.o(.ARM.Collect$$$$00002712)
    .text                                    0x0800019c   Section       36  startup_stm32f407xx.o(.text)
    $v0                                      0x0800019c   Number         0  startup_stm32f407xx.o(.text)
    .text                                    0x080001c0   Section        0  uldiv.o(.text)
    .text                                    0x08000222   Section        0  ldiv.o(.text)
    .text                                    0x08000284   Section        0  memcpya.o(.text)
    .text                                    0x080002a8   Section        0  memseta.o(.text)
    .text                                    0x080002cc   Section        0  llshl.o(.text)
    .text                                    0x080002ea   Section        0  llushr.o(.text)
    .text                                    0x0800030c   Section       36  init.o(.text)
    i.BusFault_Handler                       0x08000330   Section        0  stm32f4xx_it.o(i.BusFault_Handler)
    i.DebugMon_Handler                       0x08000334   Section        0  stm32f4xx_it.o(i.DebugMon_Handler)
    i.Error_Handler                          0x08000336   Section        0  main.o(i.Error_Handler)
    i.HAL_DMA_Abort_IT                       0x08000338   Section        0  stm32f4xx_hal_dma.o(i.HAL_DMA_Abort_IT)
    i.HAL_DMA_GetState                       0x08000360   Section        0  stm32f4xx_hal_dma.o(i.HAL_DMA_GetState)
    i.HAL_Delay                              0x08000368   Section        0  stm32f4xx_hal.o(i.HAL_Delay)
    i.HAL_GPIO_Init                          0x08000390   Section        0  stm32f4xx_hal_gpio.o(i.HAL_GPIO_Init)
    i.HAL_GPIO_WritePin                      0x08000590   Section        0  stm32f4xx_hal_gpio.o(i.HAL_GPIO_WritePin)
    i.HAL_GetTick                            0x0800059c   Section        0  stm32f4xx_hal.o(i.HAL_GetTick)
    i.HAL_I2C_AbortCpltCallback              0x080005a8   Section        0  stm32f4xx_hal_i2c.o(i.HAL_I2C_AbortCpltCallback)
    i.HAL_I2C_AddrCallback                   0x080005aa   Section        0  stm32f4xx_hal_i2c.o(i.HAL_I2C_AddrCallback)
    i.HAL_I2C_ER_IRQHandler                  0x080005ac   Section        0  stm32f4xx_hal_i2c.o(i.HAL_I2C_ER_IRQHandler)
    i.HAL_I2C_EV_IRQHandler                  0x08000680   Section        0  stm32f4xx_hal_i2c.o(i.HAL_I2C_EV_IRQHandler)
    i.HAL_I2C_ErrorCallback                  0x08000844   Section        0  stm32f4xx_hal_i2c.o(i.HAL_I2C_ErrorCallback)
    i.HAL_I2C_Init                           0x08000848   Section        0  stm32f4xx_hal_i2c.o(i.HAL_I2C_Init)
    i.HAL_I2C_ListenCpltCallback             0x08000a18   Section        0  stm32f4xx_hal_i2c.o(i.HAL_I2C_ListenCpltCallback)
    i.HAL_I2C_MasterRxCpltCallback           0x08000a1c   Section        0  main.o(i.HAL_I2C_MasterRxCpltCallback)
    i.HAL_I2C_MasterTxCpltCallback           0x08000a50   Section        0  stm32f4xx_hal_i2c.o(i.HAL_I2C_MasterTxCpltCallback)
    i.HAL_I2C_Master_Receive                 0x08000a54   Section        0  stm32f4xx_hal_i2c.o(i.HAL_I2C_Master_Receive)
    i.HAL_I2C_Master_Transmit                0x08000d4c   Section        0  stm32f4xx_hal_i2c.o(i.HAL_I2C_Master_Transmit)
    i.HAL_I2C_MemRxCpltCallback              0x08000ebc   Section        0  stm32f4xx_hal_i2c.o(i.HAL_I2C_MemRxCpltCallback)
    i.HAL_I2C_MemTxCpltCallback              0x08000ebe   Section        0  stm32f4xx_hal_i2c.o(i.HAL_I2C_MemTxCpltCallback)
    i.HAL_I2C_MspInit                        0x08000ec0   Section        0  i2c.o(i.HAL_I2C_MspInit)
    i.HAL_I2C_SlaveRxCpltCallback            0x08000f68   Section        0  stm32f4xx_hal_i2c.o(i.HAL_I2C_SlaveRxCpltCallback)
    i.HAL_I2C_SlaveTxCpltCallback            0x08000f6a   Section        0  stm32f4xx_hal_i2c.o(i.HAL_I2C_SlaveTxCpltCallback)
    i.HAL_IncTick                            0x08000f6c   Section        0  stm32f4xx_hal.o(i.HAL_IncTick)
    i.HAL_Init                               0x08000f84   Section        0  stm32f4xx_hal.o(i.HAL_Init)
    i.HAL_InitTick                           0x08000fc0   Section        0  stm32f4xx_hal.o(i.HAL_InitTick)
    i.HAL_MspInit                            0x0800100c   Section        0  stm32f4xx_hal_msp.o(i.HAL_MspInit)
    i.HAL_NVIC_EnableIRQ                     0x08001054   Section        0  stm32f4xx_hal_cortex.o(i.HAL_NVIC_EnableIRQ)
    i.HAL_NVIC_SetPriority                   0x08001074   Section        0  stm32f4xx_hal_cortex.o(i.HAL_NVIC_SetPriority)
    i.HAL_NVIC_SetPriorityGrouping           0x080010f0   Section        0  stm32f4xx_hal_cortex.o(i.HAL_NVIC_SetPriorityGrouping)
    i.HAL_RCC_ClockConfig                    0x08001118   Section        0  stm32f4xx_hal_rcc.o(i.HAL_RCC_ClockConfig)
    i.HAL_RCC_GetHCLKFreq                    0x0800129c   Section        0  stm32f4xx_hal_rcc.o(i.HAL_RCC_GetHCLKFreq)
    i.HAL_RCC_GetPCLK1Freq                   0x080012a8   Section        0  stm32f4xx_hal_rcc.o(i.HAL_RCC_GetPCLK1Freq)
    i.HAL_RCC_GetPCLK2Freq                   0x080012c8   Section        0  stm32f4xx_hal_rcc.o(i.HAL_RCC_GetPCLK2Freq)
    i.HAL_RCC_GetSysClockFreq                0x080012e8   Section        0  stm32f4xx_hal_rcc.o(i.HAL_RCC_GetSysClockFreq)
    i.HAL_RCC_OscConfig                      0x08001398   Section        0  stm32f4xx_hal_rcc.o(i.HAL_RCC_OscConfig)
    i.HAL_SYSTICK_Config                     0x08001820   Section        0  stm32f4xx_hal_cortex.o(i.HAL_SYSTICK_Config)
    i.HAL_TIMEx_BreakCallback                0x08001854   Section        0  stm32f4xx_hal_tim_ex.o(i.HAL_TIMEx_BreakCallback)
    i.HAL_TIMEx_CommutCallback               0x08001856   Section        0  stm32f4xx_hal_tim_ex.o(i.HAL_TIMEx_CommutCallback)
    i.HAL_TIMEx_MasterConfigSynchronization  0x08001858   Section        0  stm32f4xx_hal_tim_ex.o(i.HAL_TIMEx_MasterConfigSynchronization)
    i.HAL_TIM_Base_Init                      0x0800190c   Section        0  stm32f4xx_hal_tim.o(i.HAL_TIM_Base_Init)
    i.HAL_TIM_Base_MspInit                   0x08001940   Section        0  tim.o(i.HAL_TIM_Base_MspInit)
    i.HAL_TIM_Base_Start_IT                  0x08001988   Section        0  stm32f4xx_hal_tim.o(i.HAL_TIM_Base_Start_IT)
    i.HAL_TIM_ConfigClockSource              0x080019b2   Section        0  stm32f4xx_hal_tim.o(i.HAL_TIM_ConfigClockSource)
    i.HAL_TIM_IC_CaptureCallback             0x08001aba   Section        0  stm32f4xx_hal_tim.o(i.HAL_TIM_IC_CaptureCallback)
    i.HAL_TIM_IRQHandler                     0x08001abc   Section        0  stm32f4xx_hal_tim.o(i.HAL_TIM_IRQHandler)
    i.HAL_TIM_OC_DelayElapsedCallback        0x08001c52   Section        0  stm32f4xx_hal_tim.o(i.HAL_TIM_OC_DelayElapsedCallback)
    i.HAL_TIM_PWM_PulseFinishedCallback      0x08001c54   Section        0  stm32f4xx_hal_tim.o(i.HAL_TIM_PWM_PulseFinishedCallback)
    i.HAL_TIM_PeriodElapsedCallback          0x08001c58   Section        0  main.o(i.HAL_TIM_PeriodElapsedCallback)
    i.HAL_TIM_TriggerCallback                0x08001c6c   Section        0  stm32f4xx_hal_tim.o(i.HAL_TIM_TriggerCallback)
    i.HAL_UART_Init                          0x08001c6e   Section        0  stm32f4xx_hal_uart.o(i.HAL_UART_Init)
    i.HAL_UART_MspInit                       0x08001ce0   Section        0  usart.o(i.HAL_UART_MspInit)
    i.HAL_UART_Transmit                      0x08001d68   Section        0  stm32f4xx_hal_uart.o(i.HAL_UART_Transmit)
    i.HardFault_Handler                      0x08001e40   Section        0  stm32f4xx_it.o(i.HardFault_Handler)
    i.I2C1_ER_IRQHandler                     0x08001e44   Section        0  stm32f4xx_it.o(i.I2C1_ER_IRQHandler)
    i.I2C1_EV_IRQHandler                     0x08001e54   Section        0  stm32f4xx_it.o(i.I2C1_EV_IRQHandler)
    i.I2C_ConvertOtherXferOptions            0x08001e64   Section        0  stm32f4xx_hal_i2c.o(i.I2C_ConvertOtherXferOptions)
    I2C_ConvertOtherXferOptions              0x08001e65   Thumb Code    28  stm32f4xx_hal_i2c.o(i.I2C_ConvertOtherXferOptions)
    i.I2C_DMAAbort                           0x08001e80   Section        0  stm32f4xx_hal_i2c.o(i.I2C_DMAAbort)
    I2C_DMAAbort                             0x08001e81   Thumb Code   172  stm32f4xx_hal_i2c.o(i.I2C_DMAAbort)
    i.I2C_ITError                            0x08001f2c   Section        0  stm32f4xx_hal_i2c.o(i.I2C_ITError)
    I2C_ITError                              0x08001f2d   Thumb Code   410  stm32f4xx_hal_i2c.o(i.I2C_ITError)
    i.I2C_IsAcknowledgeFailed                0x080020d0   Section        0  stm32f4xx_hal_i2c.o(i.I2C_IsAcknowledgeFailed)
    I2C_IsAcknowledgeFailed                  0x080020d1   Thumb Code    62  stm32f4xx_hal_i2c.o(i.I2C_IsAcknowledgeFailed)
    i.I2C_MasterReceive_BTF                  0x0800210e   Section        0  stm32f4xx_hal_i2c.o(i.I2C_MasterReceive_BTF)
    I2C_MasterReceive_BTF                    0x0800210f   Thumb Code   294  stm32f4xx_hal_i2c.o(i.I2C_MasterReceive_BTF)
    i.I2C_MasterReceive_RXNE                 0x08002234   Section        0  stm32f4xx_hal_i2c.o(i.I2C_MasterReceive_RXNE)
    I2C_MasterReceive_RXNE                   0x08002235   Thumb Code   164  stm32f4xx_hal_i2c.o(i.I2C_MasterReceive_RXNE)
    i.I2C_MasterRequestRead                  0x080022d8   Section        0  stm32f4xx_hal_i2c.o(i.I2C_MasterRequestRead)
    I2C_MasterRequestRead                    0x080022d9   Thumb Code   300  stm32f4xx_hal_i2c.o(i.I2C_MasterRequestRead)
    i.I2C_MasterRequestWrite                 0x08002408   Section        0  stm32f4xx_hal_i2c.o(i.I2C_MasterRequestWrite)
    I2C_MasterRequestWrite                   0x08002409   Thumb Code   182  stm32f4xx_hal_i2c.o(i.I2C_MasterRequestWrite)
    i.I2C_MasterTransmit_BTF                 0x080024c4   Section        0  stm32f4xx_hal_i2c.o(i.I2C_MasterTransmit_BTF)
    I2C_MasterTransmit_BTF                   0x080024c5   Thumb Code   176  stm32f4xx_hal_i2c.o(i.I2C_MasterTransmit_BTF)
    i.I2C_MasterTransmit_TXE                 0x08002574   Section        0  stm32f4xx_hal_i2c.o(i.I2C_MasterTransmit_TXE)
    I2C_MasterTransmit_TXE                   0x08002575   Thumb Code   216  stm32f4xx_hal_i2c.o(i.I2C_MasterTransmit_TXE)
    i.I2C_Master_ADD10                       0x0800264c   Section        0  stm32f4xx_hal_i2c.o(i.I2C_Master_ADD10)
    I2C_Master_ADD10                         0x0800264d   Thumb Code    42  stm32f4xx_hal_i2c.o(i.I2C_Master_ADD10)
    i.I2C_Master_ADDR                        0x08002676   Section        0  stm32f4xx_hal_i2c.o(i.I2C_Master_ADDR)
    I2C_Master_ADDR                          0x08002677   Thumb Code   616  stm32f4xx_hal_i2c.o(i.I2C_Master_ADDR)
    i.I2C_Master_SB                          0x080028de   Section        0  stm32f4xx_hal_i2c.o(i.I2C_Master_SB)
    I2C_Master_SB                            0x080028df   Thumb Code   158  stm32f4xx_hal_i2c.o(i.I2C_Master_SB)
    i.I2C_MemoryTransmit_TXE_BTF             0x0800297c   Section        0  stm32f4xx_hal_i2c.o(i.I2C_MemoryTransmit_TXE_BTF)
    I2C_MemoryTransmit_TXE_BTF               0x0800297d   Thumb Code   124  stm32f4xx_hal_i2c.o(i.I2C_MemoryTransmit_TXE_BTF)
    i.I2C_SlaveReceive_BTF                   0x080029f8   Section        0  stm32f4xx_hal_i2c.o(i.I2C_SlaveReceive_BTF)
    I2C_SlaveReceive_BTF                     0x080029f9   Thumb Code    26  stm32f4xx_hal_i2c.o(i.I2C_SlaveReceive_BTF)
    i.I2C_SlaveReceive_RXNE                  0x08002a12   Section        0  stm32f4xx_hal_i2c.o(i.I2C_SlaveReceive_RXNE)
    I2C_SlaveReceive_RXNE                    0x08002a13   Thumb Code    70  stm32f4xx_hal_i2c.o(i.I2C_SlaveReceive_RXNE)
    i.I2C_SlaveTransmit_BTF                  0x08002a58   Section        0  stm32f4xx_hal_i2c.o(i.I2C_SlaveTransmit_BTF)
    I2C_SlaveTransmit_BTF                    0x08002a59   Thumb Code    26  stm32f4xx_hal_i2c.o(i.I2C_SlaveTransmit_BTF)
    i.I2C_SlaveTransmit_TXE                  0x08002a72   Section        0  stm32f4xx_hal_i2c.o(i.I2C_SlaveTransmit_TXE)
    I2C_SlaveTransmit_TXE                    0x08002a73   Thumb Code    70  stm32f4xx_hal_i2c.o(i.I2C_SlaveTransmit_TXE)
    i.I2C_Slave_ADDR                         0x08002ab8   Section        0  stm32f4xx_hal_i2c.o(i.I2C_Slave_ADDR)
    I2C_Slave_ADDR                           0x08002ab9   Thumb Code   102  stm32f4xx_hal_i2c.o(i.I2C_Slave_ADDR)
    i.I2C_Slave_AF                           0x08002b20   Section        0  stm32f4xx_hal_i2c.o(i.I2C_Slave_AF)
    I2C_Slave_AF                             0x08002b21   Thumb Code   156  stm32f4xx_hal_i2c.o(i.I2C_Slave_AF)
    i.I2C_Slave_STOPF                        0x08002bc0   Section        0  stm32f4xx_hal_i2c.o(i.I2C_Slave_STOPF)
    I2C_Slave_STOPF                          0x08002bc1   Thumb Code   386  stm32f4xx_hal_i2c.o(i.I2C_Slave_STOPF)
    i.I2C_WaitOnBTFFlagUntilTimeout          0x08002d4c   Section        0  stm32f4xx_hal_i2c.o(i.I2C_WaitOnBTFFlagUntilTimeout)
    I2C_WaitOnBTFFlagUntilTimeout            0x08002d4d   Thumb Code    92  stm32f4xx_hal_i2c.o(i.I2C_WaitOnBTFFlagUntilTimeout)
    i.I2C_WaitOnFlagUntilTimeout             0x08002da8   Section        0  stm32f4xx_hal_i2c.o(i.I2C_WaitOnFlagUntilTimeout)
    I2C_WaitOnFlagUntilTimeout               0x08002da9   Thumb Code   134  stm32f4xx_hal_i2c.o(i.I2C_WaitOnFlagUntilTimeout)
    i.I2C_WaitOnMasterAddressFlagUntilTimeout 0x08002e2e   Section        0  stm32f4xx_hal_i2c.o(i.I2C_WaitOnMasterAddressFlagUntilTimeout)
    I2C_WaitOnMasterAddressFlagUntilTimeout  0x08002e2f   Thumb Code   196  stm32f4xx_hal_i2c.o(i.I2C_WaitOnMasterAddressFlagUntilTimeout)
    i.I2C_WaitOnRXNEFlagUntilTimeout         0x08002ef2   Section        0  stm32f4xx_hal_i2c.o(i.I2C_WaitOnRXNEFlagUntilTimeout)
    I2C_WaitOnRXNEFlagUntilTimeout           0x08002ef3   Thumb Code   128  stm32f4xx_hal_i2c.o(i.I2C_WaitOnRXNEFlagUntilTimeout)
    i.I2C_WaitOnTXEFlagUntilTimeout          0x08002f72   Section        0  stm32f4xx_hal_i2c.o(i.I2C_WaitOnTXEFlagUntilTimeout)
    I2C_WaitOnTXEFlagUntilTimeout            0x08002f73   Thumb Code    92  stm32f4xx_hal_i2c.o(i.I2C_WaitOnTXEFlagUntilTimeout)
    i.MX_GPIO_Init                           0x08002fd0   Section        0  gpio.o(i.MX_GPIO_Init)
    i.MX_I2C1_Init                           0x080030a4   Section        0  i2c.o(i.MX_I2C1_Init)
    i.MX_TIM3_Init                           0x080030e0   Section        0  tim.o(i.MX_TIM3_Init)
    i.MX_USART2_UART_Init                    0x08003150   Section        0  usart.o(i.MX_USART2_UART_Init)
    i.MemManage_Handler                      0x08003188   Section        0  stm32f4xx_it.o(i.MemManage_Handler)
    i.NMI_Handler                            0x0800318c   Section        0  stm32f4xx_it.o(i.NMI_Handler)
    i.PendSV_Handler                         0x0800318e   Section        0  stm32f4xx_it.o(i.PendSV_Handler)
    i.SVC_Handler                            0x08003190   Section        0  stm32f4xx_it.o(i.SVC_Handler)
    i.SysTick_Handler                        0x08003192   Section        0  stm32f4xx_it.o(i.SysTick_Handler)
    i.SystemClock_Config                     0x0800319c   Section        0  main.o(i.SystemClock_Config)
    i.SystemInit                             0x08003250   Section        0  system_stm32f4xx.o(i.SystemInit)
    i.TIM3_IRQHandler                        0x0800326c   Section        0  stm32f4xx_it.o(i.TIM3_IRQHandler)
    i.TIM_Base_SetConfig                     0x0800327c   Section        0  stm32f4xx_hal_tim.o(i.TIM_Base_SetConfig)
    i.TIM_ETR_SetConfig                      0x08003354   Section        0  stm32f4xx_hal_tim.o(i.TIM_ETR_SetConfig)
    i.TIM_ITRx_SetConfig                     0x0800336a   Section        0  stm32f4xx_hal_tim.o(i.TIM_ITRx_SetConfig)
    TIM_ITRx_SetConfig                       0x0800336b   Thumb Code    18  stm32f4xx_hal_tim.o(i.TIM_ITRx_SetConfig)
    i.TIM_TI1_ConfigInputStage               0x0800337c   Section        0  stm32f4xx_hal_tim.o(i.TIM_TI1_ConfigInputStage)
    TIM_TI1_ConfigInputStage                 0x0800337d   Thumb Code    38  stm32f4xx_hal_tim.o(i.TIM_TI1_ConfigInputStage)
    i.TIM_TI2_ConfigInputStage               0x080033a2   Section        0  stm32f4xx_hal_tim.o(i.TIM_TI2_ConfigInputStage)
    TIM_TI2_ConfigInputStage                 0x080033a3   Thumb Code    40  stm32f4xx_hal_tim.o(i.TIM_TI2_ConfigInputStage)
    i.UART_SetConfig                         0x080033cc   Section        0  stm32f4xx_hal_uart.o(i.UART_SetConfig)
    UART_SetConfig                           0x080033cd   Thumb Code   992  stm32f4xx_hal_uart.o(i.UART_SetConfig)
    i.UART_WaitOnFlagUntilTimeout            0x080037b4   Section        0  stm32f4xx_hal_uart.o(i.UART_WaitOnFlagUntilTimeout)
    UART_WaitOnFlagUntilTimeout              0x080037b5   Thumb Code   108  stm32f4xx_hal_uart.o(i.UART_WaitOnFlagUntilTimeout)
    i.UsageFault_Handler                     0x08003820   Section        0  stm32f4xx_it.o(i.UsageFault_Handler)
    i.__NVIC_GetPriorityGrouping             0x08003824   Section        0  stm32f4xx_hal_cortex.o(i.__NVIC_GetPriorityGrouping)
    __NVIC_GetPriorityGrouping               0x08003825   Thumb Code    10  stm32f4xx_hal_cortex.o(i.__NVIC_GetPriorityGrouping)
    i.__NVIC_SetPriority                     0x08003834   Section        0  stm32f4xx_hal_cortex.o(i.__NVIC_SetPriority)
    __NVIC_SetPriority                       0x08003835   Thumb Code    32  stm32f4xx_hal_cortex.o(i.__NVIC_SetPriority)
    i.__scatterload_copy                     0x0800385c   Section       14  handlers.o(i.__scatterload_copy)
    i.__scatterload_null                     0x0800386a   Section        2  handlers.o(i.__scatterload_null)
    i.__scatterload_zeroinit                 0x0800386c   Section       14  handlers.o(i.__scatterload_zeroinit)
    i.are_settings_changed                   0x0800387a   Section        0  bme280.o(i.are_settings_changed)
    are_settings_changed                     0x0800387b   Thumb Code    18  bme280.o(i.are_settings_changed)
    i.bme280_compensate_data                 0x0800388c   Section        0  bme280.o(i.bme280_compensate_data)
    i.bme280_get_regs                        0x080038e6   Section        0  bme280.o(i.bme280_get_regs)
    i.bme280_get_sensor_data                 0x08003922   Section        0  bme280.o(i.bme280_get_sensor_data)
    i.bme280_get_sensor_mode                 0x08003978   Section        0  bme280.o(i.bme280_get_sensor_mode)
    i.bme280_init                            0x080039a2   Section        0  bme280.o(i.bme280_init)
    i.bme280_parse_sensor_data               0x08003a04   Section        0  bme280.o(i.bme280_parse_sensor_data)
    i.bme280_set_regs                        0x08003a3c   Section        0  bme280.o(i.bme280_set_regs)
    i.bme280_set_sensor_mode                 0x08003ada   Section        0  bme280.o(i.bme280_set_sensor_mode)
    i.bme280_set_sensor_settings             0x08003b14   Section        0  bme280.o(i.bme280_set_sensor_settings)
    i.bme280_soft_reset                      0x08003b76   Section        0  bme280.o(i.bme280_soft_reset)
    i.compensate_humidity                    0x08003be2   Section        0  bme280.o(i.compensate_humidity)
    compensate_humidity                      0x08003be3   Thumb Code   270  bme280.o(i.compensate_humidity)
    i.compensate_pressure                    0x08003cf0   Section        0  bme280.o(i.compensate_pressure)
    compensate_pressure                      0x08003cf1   Thumb Code   650  bme280.o(i.compensate_pressure)
    i.compensate_temperature                 0x08003f84   Section        0  bme280.o(i.compensate_temperature)
    compensate_temperature                   0x08003f85   Thumb Code   136  bme280.o(i.compensate_temperature)
    i.fill_filter_settings                   0x08004010   Section        0  bme280.o(i.fill_filter_settings)
    fill_filter_settings                     0x08004011   Thumb Code    12  bme280.o(i.fill_filter_settings)
    i.fill_osr_press_settings                0x0800401c   Section        0  bme280.o(i.fill_osr_press_settings)
    fill_osr_press_settings                  0x0800401d   Thumb Code    12  bme280.o(i.fill_osr_press_settings)
    i.fill_osr_temp_settings                 0x08004028   Section        0  bme280.o(i.fill_osr_temp_settings)
    fill_osr_temp_settings                   0x08004029   Thumb Code    12  bme280.o(i.fill_osr_temp_settings)
    i.fill_standby_settings                  0x08004034   Section        0  bme280.o(i.fill_standby_settings)
    fill_standby_settings                    0x08004035   Thumb Code    12  bme280.o(i.fill_standby_settings)
    i.free                                   0x08004040   Section        0  malloc.o(i.free)
    i.get_calib_data                         0x08004090   Section        0  bme280.o(i.get_calib_data)
    get_calib_data                           0x08004091   Thumb Code    72  bme280.o(i.get_calib_data)
    i.interleave_reg_addr                    0x080040d8   Section        0  bme280.o(i.interleave_reg_addr)
    interleave_reg_addr                      0x080040d9   Thumb Code    34  bme280.o(i.interleave_reg_addr)
    i.main                                   0x080040fc   Section        0  main.o(i.main)
    i.malloc                                 0x08004174   Section        0  malloc.o(i.malloc)
    i.null_ptr_check                         0x080041e0   Section        0  bme280.o(i.null_ptr_check)
    null_ptr_check                           0x080041e1   Thumb Code    26  bme280.o(i.null_ptr_check)
    i.parse_device_settings                  0x080041fa   Section        0  bme280.o(i.parse_device_settings)
    parse_device_settings                    0x080041fb   Thumb Code    38  bme280.o(i.parse_device_settings)
    i.parse_humidity_calib_data              0x08004220   Section        0  bme280.o(i.parse_humidity_calib_data)
    parse_humidity_calib_data                0x08004221   Thumb Code    70  bme280.o(i.parse_humidity_calib_data)
    i.parse_temp_press_calib_data            0x08004266   Section        0  bme280.o(i.parse_temp_press_calib_data)
    parse_temp_press_calib_data              0x08004267   Thumb Code   154  bme280.o(i.parse_temp_press_calib_data)
    i.put_device_to_sleep                    0x08004300   Section        0  bme280.o(i.put_device_to_sleep)
    put_device_to_sleep                      0x08004301   Thumb Code    52  bme280.o(i.put_device_to_sleep)
    i.readId                                 0x08004334   Section        0  main.o(i.readId)
    i.reload_device_settings                 0x08004374   Section        0  bme280.o(i.reload_device_settings)
    reload_device_settings                   0x08004375   Thumb Code    36  bme280.o(i.reload_device_settings)
    i.set_filter_standby_settings            0x08004398   Section        0  bme280.o(i.set_filter_standby_settings)
    set_filter_standby_settings              0x08004399   Thumb Code    80  bme280.o(i.set_filter_standby_settings)
    i.set_osr_humidity_settings              0x080043e8   Section        0  bme280.o(i.set_osr_humidity_settings)
    set_osr_humidity_settings                0x080043e9   Thumb Code    74  bme280.o(i.set_osr_humidity_settings)
    i.set_osr_press_temp_settings            0x08004432   Section        0  bme280.o(i.set_osr_press_temp_settings)
    set_osr_press_temp_settings              0x08004433   Thumb Code    80  bme280.o(i.set_osr_press_temp_settings)
    i.set_osr_settings                       0x08004482   Section        0  bme280.o(i.set_osr_settings)
    set_osr_settings                         0x08004483   Thumb Code    52  bme280.o(i.set_osr_settings)
    i.stream_sensor_data_normal_mode         0x080044b6   Section        0  main.o(i.stream_sensor_data_normal_mode)
    i.user_delay_ms                          0x0800450e   Section        0  main.o(i.user_delay_ms)
    i.user_i2c_read                          0x0800451c   Section        0  main.o(i.user_i2c_read)
    i.user_i2c_write                         0x08004568   Section        0  main.o(i.user_i2c_write)
    i.write_power_mode                       0x080045bc   Section        0  bme280.o(i.write_power_mode)
    write_power_mode                         0x080045bd   Thumb Code    56  bme280.o(i.write_power_mode)
    .constdata                               0x080045f4   Section       24  system_stm32f4xx.o(.constdata)
    .data                                    0x20000000   Section        1  main.o(.data)
    .data                                    0x20000004   Section        9  stm32f4xx_hal.o(.data)
    .data                                    0x20000010   Section        4  system_stm32f4xx.o(.data)
    .data                                    0x20000014   Section        4  mvars.o(.data)
    .data                                    0x20000018   Section        4  mvars.o(.data)
    .bss                                     0x2000001c   Section       84  i2c.o(.bss)
    .bss                                     0x20000070   Section       64  tim.o(.bss)
    .bss                                     0x200000b0   Section       64  usart.o(.bss)
    HEAP                                     0x200000f0   Section      512  startup_stm32f407xx.o(HEAP)
    STACK                                    0x200002f0   Section     1024  startup_stm32f407xx.o(STACK)

    Global Symbols

    Symbol Name                              Value     Ov Type        Size  Object(Section)

    BuildAttributes$$THM_ISAv4$E$P$D$K$B$S$7EM$VFPi3$EXTD16$VFPS$VFMA$PE$A:L22UL41UL21$X:L11$S22US41US21$IEEE1$IW$USESV6$~STKCKD$USESV7$~SHL$OSPACE$EBA8$MICROLIB$REQ8$PRES8$EABIv2 0x00000000   Number         0  anon$$obj.o ABSOLUTE
    __ARM_use_no_argv                        0x00000000   Number         0  main.o ABSOLUTE
    __cpp_initialize__aeabi_                  - Undefined Weak Reference
    __cxa_finalize                            - Undefined Weak Reference
    __decompress                              - Undefined Weak Reference
    _clock_init                               - Undefined Weak Reference
    _microlib_exit                            - Undefined Weak Reference
    __Vectors_Size                           0x00000188   Number         0  startup_stm32f407xx.o ABSOLUTE
    __Vectors                                0x08000000   Data           4  startup_stm32f407xx.o(RESET)
    __Vectors_End                            0x08000188   Data           0  startup_stm32f407xx.o(RESET)
    __main                                   0x08000189   Thumb Code     0  entry.o(.ARM.Collect$$$$00000000)
    _main_stk                                0x08000189   Thumb Code     0  entry2.o(.ARM.Collect$$$$00000001)
    _main_scatterload                        0x0800018d   Thumb Code     0  entry5.o(.ARM.Collect$$$$00000004)
    __main_after_scatterload                 0x08000191   Thumb Code     0  entry5.o(.ARM.Collect$$$$00000004)
    _main_clock                              0x08000191   Thumb Code     0  entry7b.o(.ARM.Collect$$$$00000008)
    _main_cpp_init                           0x08000191   Thumb Code     0  entry8b.o(.ARM.Collect$$$$0000000A)
    _main_init                               0x08000191   Thumb Code     0  entry9a.o(.ARM.Collect$$$$0000000B)
    __rt_final_cpp                           0x08000199   Thumb Code     0  entry10a.o(.ARM.Collect$$$$0000000D)
    __rt_final_exit                          0x08000199   Thumb Code     0  entry11a.o(.ARM.Collect$$$$0000000F)
    Reset_Handler                            0x0800019d   Thumb Code     8  startup_stm32f407xx.o(.text)
    ADC_IRQHandler                           0x080001b7   Thumb Code     0  startup_stm32f407xx.o(.text)
    CAN1_RX0_IRQHandler                      0x080001b7   Thumb Code     0  startup_stm32f407xx.o(.text)
    CAN1_RX1_IRQHandler                      0x080001b7   Thumb Code     0  startup_stm32f407xx.o(.text)
    CAN1_SCE_IRQHandler                      0x080001b7   Thumb Code     0  startup_stm32f407xx.o(.text)
    CAN1_TX_IRQHandler                       0x080001b7   Thumb Code     0  startup_stm32f407xx.o(.text)
    CAN2_RX0_IRQHandler                      0x080001b7   Thumb Code     0  startup_stm32f407xx.o(.text)
    CAN2_RX1_IRQHandler                      0x080001b7   Thumb Code     0  startup_stm32f407xx.o(.text)
    CAN2_SCE_IRQHandler                      0x080001b7   Thumb Code     0  startup_stm32f407xx.o(.text)
    CAN2_TX_IRQHandler                       0x080001b7   Thumb Code     0  startup_stm32f407xx.o(.text)
    DCMI_IRQHandler                          0x080001b7   Thumb Code     0  startup_stm32f407xx.o(.text)
    DMA1_Stream0_IRQHandler                  0x080001b7   Thumb Code     0  startup_stm32f407xx.o(.text)
    DMA1_Stream1_IRQHandler                  0x080001b7   Thumb Code     0  startup_stm32f407xx.o(.text)
    DMA1_Stream2_IRQHandler                  0x080001b7   Thumb Code     0  startup_stm32f407xx.o(.text)
    DMA1_Stream3_IRQHandler                  0x080001b7   Thumb Code     0  startup_stm32f407xx.o(.text)
    DMA1_Stream4_IRQHandler                  0x080001b7   Thumb Code     0  startup_stm32f407xx.o(.text)
    DMA1_Stream5_IRQHandler                  0x080001b7   Thumb Code     0  startup_stm32f407xx.o(.text)
    DMA1_Stream6_IRQHandler                  0x080001b7   Thumb Code     0  startup_stm32f407xx.o(.text)
    DMA1_Stream7_IRQHandler                  0x080001b7   Thumb Code     0  startup_stm32f407xx.o(.text)
    DMA2_Stream0_IRQHandler                  0x080001b7   Thumb Code     0  startup_stm32f407xx.o(.text)
    DMA2_Stream1_IRQHandler                  0x080001b7   Thumb Code     0  startup_stm32f407xx.o(.text)
    DMA2_Stream2_IRQHandler                  0x080001b7   Thumb Code     0  startup_stm32f407xx.o(.text)
    DMA2_Stream3_IRQHandler                  0x080001b7   Thumb Code     0  startup_stm32f407xx.o(.text)
    DMA2_Stream4_IRQHandler                  0x080001b7   Thumb Code     0  startup_stm32f407xx.o(.text)
    DMA2_Stream5_IRQHandler                  0x080001b7   Thumb Code     0  startup_stm32f407xx.o(.text)
    DMA2_Stream6_IRQHandler                  0x080001b7   Thumb Code     0  startup_stm32f407xx.o(.text)
    DMA2_Stream7_IRQHandler                  0x080001b7   Thumb Code     0  startup_stm32f407xx.o(.text)
    ETH_IRQHandler                           0x080001b7   Thumb Code     0  startup_stm32f407xx.o(.text)
    ETH_WKUP_IRQHandler                      0x080001b7   Thumb Code     0  startup_stm32f407xx.o(.text)
    EXTI0_IRQHandler                         0x080001b7   Thumb Code     0  startup_stm32f407xx.o(.text)
    EXTI15_10_IRQHandler                     0x080001b7   Thumb Code     0  startup_stm32f407xx.o(.text)
    EXTI1_IRQHandler                         0x080001b7   Thumb Code     0  startup_stm32f407xx.o(.text)
    EXTI2_IRQHandler                         0x080001b7   Thumb Code     0  startup_stm32f407xx.o(.text)
    EXTI3_IRQHandler                         0x080001b7   Thumb Code     0  startup_stm32f407xx.o(.text)
    EXTI4_IRQHandler                         0x080001b7   Thumb Code     0  startup_stm32f407xx.o(.text)
    EXTI9_5_IRQHandler                       0x080001b7   Thumb Code     0  startup_stm32f407xx.o(.text)
    FLASH_IRQHandler                         0x080001b7   Thumb Code     0  startup_stm32f407xx.o(.text)
    FMC_IRQHandler                           0x080001b7   Thumb Code     0  startup_stm32f407xx.o(.text)
    FPU_IRQHandler                           0x080001b7   Thumb Code     0  startup_stm32f407xx.o(.text)
    HASH_RNG_IRQHandler                      0x080001b7   Thumb Code     0  startup_stm32f407xx.o(.text)
    I2C2_ER_IRQHandler                       0x080001b7   Thumb Code     0  startup_stm32f407xx.o(.text)
    I2C2_EV_IRQHandler                       0x080001b7   Thumb Code     0  startup_stm32f407xx.o(.text)
    I2C3_ER_IRQHandler                       0x080001b7   Thumb Code     0  startup_stm32f407xx.o(.text)
    I2C3_EV_IRQHandler                       0x080001b7   Thumb Code     0  startup_stm32f407xx.o(.text)
    OTG_FS_IRQHandler                        0x080001b7   Thumb Code     0  startup_stm32f407xx.o(.text)
    OTG_FS_WKUP_IRQHandler                   0x080001b7   Thumb Code     0  startup_stm32f407xx.o(.text)
    OTG_HS_EP1_IN_IRQHandler                 0x080001b7   Thumb Code     0  startup_stm32f407xx.o(.text)
    OTG_HS_EP1_OUT_IRQHandler                0x080001b7   Thumb Code     0  startup_stm32f407xx.o(.text)
    OTG_HS_IRQHandler                        0x080001b7   Thumb Code     0  startup_stm32f407xx.o(.text)
    OTG_HS_WKUP_IRQHandler                   0x080001b7   Thumb Code     0  startup_stm32f407xx.o(.text)
    PVD_IRQHandler                           0x080001b7   Thumb Code     0  startup_stm32f407xx.o(.text)
    RCC_IRQHandler                           0x080001b7   Thumb Code     0  startup_stm32f407xx.o(.text)
    RTC_Alarm_IRQHandler                     0x080001b7   Thumb Code     0  startup_stm32f407xx.o(.text)
    RTC_WKUP_IRQHandler                      0x080001b7   Thumb Code     0  startup_stm32f407xx.o(.text)
    SDIO_IRQHandler                          0x080001b7   Thumb Code     0  startup_stm32f407xx.o(.text)
    SPI1_IRQHandler                          0x080001b7   Thumb Code     0  startup_stm32f407xx.o(.text)
    SPI2_IRQHandler                          0x080001b7   Thumb Code     0  startup_stm32f407xx.o(.text)
    SPI3_IRQHandler                          0x080001b7   Thumb Code     0  startup_stm32f407xx.o(.text)
    TAMP_STAMP_IRQHandler                    0x080001b7   Thumb Code     0  startup_stm32f407xx.o(.text)
    TIM1_BRK_TIM9_IRQHandler                 0x080001b7   Thumb Code     0  startup_stm32f407xx.o(.text)
    TIM1_CC_IRQHandler                       0x080001b7   Thumb Code     0  startup_stm32f407xx.o(.text)
    TIM1_TRG_COM_TIM11_IRQHandler            0x080001b7   Thumb Code     0  startup_stm32f407xx.o(.text)
    TIM1_UP_TIM10_IRQHandler                 0x080001b7   Thumb Code     0  startup_stm32f407xx.o(.text)
    TIM2_IRQHandler                          0x080001b7   Thumb Code     0  startup_stm32f407xx.o(.text)
    TIM4_IRQHandler                          0x080001b7   Thumb Code     0  startup_stm32f407xx.o(.text)
    TIM5_IRQHandler                          0x080001b7   Thumb Code     0  startup_stm32f407xx.o(.text)
    TIM6_DAC_IRQHandler                      0x080001b7   Thumb Code     0  startup_stm32f407xx.o(.text)
    TIM7_IRQHandler                          0x080001b7   Thumb Code     0  startup_stm32f407xx.o(.text)
    TIM8_BRK_TIM12_IRQHandler                0x080001b7   Thumb Code     0  startup_stm32f407xx.o(.text)
    TIM8_CC_IRQHandler                       0x080001b7   Thumb Code     0  startup_stm32f407xx.o(.text)
    TIM8_TRG_COM_TIM14_IRQHandler            0x080001b7   Thumb Code     0  startup_stm32f407xx.o(.text)
    TIM8_UP_TIM13_IRQHandler                 0x080001b7   Thumb Code     0  startup_stm32f407xx.o(.text)
    UART4_IRQHandler                         0x080001b7   Thumb Code     0  startup_stm32f407xx.o(.text)
    UART5_IRQHandler                         0x080001b7   Thumb Code     0  startup_stm32f407xx.o(.text)
    USART1_IRQHandler                        0x080001b7   Thumb Code     0  startup_stm32f407xx.o(.text)
    USART2_IRQHandler                        0x080001b7   Thumb Code     0  startup_stm32f407xx.o(.text)
    USART3_IRQHandler                        0x080001b7   Thumb Code     0  startup_stm32f407xx.o(.text)
    USART6_IRQHandler                        0x080001b7   Thumb Code     0  startup_stm32f407xx.o(.text)
    WWDG_IRQHandler                          0x080001b7   Thumb Code     0  startup_stm32f407xx.o(.text)
    __aeabi_uldivmod                         0x080001c1   Thumb Code    98  uldiv.o(.text)
    __aeabi_ldivmod                          0x08000223   Thumb Code    98  ldiv.o(.text)
    __aeabi_memcpy                           0x08000285   Thumb Code    36  memcpya.o(.text)
    __aeabi_memcpy4                          0x08000285   Thumb Code     0  memcpya.o(.text)
    __aeabi_memcpy8                          0x08000285   Thumb Code     0  memcpya.o(.text)
    __aeabi_memset                           0x080002a9   Thumb Code    14  memseta.o(.text)
    __aeabi_memset4                          0x080002a9   Thumb Code     0  memseta.o(.text)
    __aeabi_memset8                          0x080002a9   Thumb Code     0  memseta.o(.text)
    __aeabi_memclr                           0x080002b7   Thumb Code     4  memseta.o(.text)
    __aeabi_memclr4                          0x080002b7   Thumb Code     0  memseta.o(.text)
    __aeabi_memclr8                          0x080002b7   Thumb Code     0  memseta.o(.text)
    _memset$wrapper                          0x080002bb   Thumb Code    18  memseta.o(.text)
    __aeabi_llsl                             0x080002cd   Thumb Code    30  llshl.o(.text)
    _ll_shift_l                              0x080002cd   Thumb Code     0  llshl.o(.text)
    __aeabi_llsr                             0x080002eb   Thumb Code    32  llushr.o(.text)
    _ll_ushift_r                             0x080002eb   Thumb Code     0  llushr.o(.text)
    __scatterload                            0x0800030d   Thumb Code    28  init.o(.text)
    __scatterload_rt2                        0x0800030d   Thumb Code     0  init.o(.text)
    BusFault_Handler                         0x08000331   Thumb Code     4  stm32f4xx_it.o(i.BusFault_Handler)
    DebugMon_Handler                         0x08000335   Thumb Code     2  stm32f4xx_it.o(i.DebugMon_Handler)
    Error_Handler                            0x08000337   Thumb Code     2  main.o(i.Error_Handler)
    HAL_DMA_Abort_IT                         0x08000339   Thumb Code    40  stm32f4xx_hal_dma.o(i.HAL_DMA_Abort_IT)
    HAL_DMA_GetState                         0x08000361   Thumb Code     8  stm32f4xx_hal_dma.o(i.HAL_DMA_GetState)
    HAL_Delay                                0x08000369   Thumb Code    36  stm32f4xx_hal.o(i.HAL_Delay)
    HAL_GPIO_Init                            0x08000391   Thumb Code   466  stm32f4xx_hal_gpio.o(i.HAL_GPIO_Init)
    HAL_GPIO_WritePin                        0x08000591   Thumb Code    12  stm32f4xx_hal_gpio.o(i.HAL_GPIO_WritePin)
    HAL_GetTick                              0x0800059d   Thumb Code     6  stm32f4xx_hal.o(i.HAL_GetTick)
    HAL_I2C_AbortCpltCallback                0x080005a9   Thumb Code     2  stm32f4xx_hal_i2c.o(i.HAL_I2C_AbortCpltCallback)
    HAL_I2C_AddrCallback                     0x080005ab   Thumb Code     2  stm32f4xx_hal_i2c.o(i.HAL_I2C_AddrCallback)
    HAL_I2C_ER_IRQHandler                    0x080005ad   Thumb Code   212  stm32f4xx_hal_i2c.o(i.HAL_I2C_ER_IRQHandler)
    HAL_I2C_EV_IRQHandler                    0x08000681   Thumb Code   452  stm32f4xx_hal_i2c.o(i.HAL_I2C_EV_IRQHandler)
    HAL_I2C_ErrorCallback                    0x08000845   Thumb Code     2  stm32f4xx_hal_i2c.o(i.HAL_I2C_ErrorCallback)
    HAL_I2C_Init                             0x08000849   Thumb Code   446  stm32f4xx_hal_i2c.o(i.HAL_I2C_Init)
    HAL_I2C_ListenCpltCallback               0x08000a19   Thumb Code     2  stm32f4xx_hal_i2c.o(i.HAL_I2C_ListenCpltCallback)
    HAL_I2C_MasterRxCpltCallback             0x08000a1d   Thumb Code    30  main.o(i.HAL_I2C_MasterRxCpltCallback)
    HAL_I2C_MasterTxCpltCallback             0x08000a51   Thumb Code     2  stm32f4xx_hal_i2c.o(i.HAL_I2C_MasterTxCpltCallback)
    HAL_I2C_Master_Receive                   0x08000a55   Thumb Code   748  stm32f4xx_hal_i2c.o(i.HAL_I2C_Master_Receive)
    HAL_I2C_Master_Transmit                  0x08000d4d   Thumb Code   360  stm32f4xx_hal_i2c.o(i.HAL_I2C_Master_Transmit)
    HAL_I2C_MemRxCpltCallback                0x08000ebd   Thumb Code     2  stm32f4xx_hal_i2c.o(i.HAL_I2C_MemRxCpltCallback)
    HAL_I2C_MemTxCpltCallback                0x08000ebf   Thumb Code     2  stm32f4xx_hal_i2c.o(i.HAL_I2C_MemTxCpltCallback)
    HAL_I2C_MspInit                          0x08000ec1   Thumb Code   156  i2c.o(i.HAL_I2C_MspInit)
    HAL_I2C_SlaveRxCpltCallback              0x08000f69   Thumb Code     2  stm32f4xx_hal_i2c.o(i.HAL_I2C_SlaveRxCpltCallback)
    HAL_I2C_SlaveTxCpltCallback              0x08000f6b   Thumb Code     2  stm32f4xx_hal_i2c.o(i.HAL_I2C_SlaveTxCpltCallback)
    HAL_IncTick                              0x08000f6d   Thumb Code    16  stm32f4xx_hal.o(i.HAL_IncTick)
    HAL_Init                                 0x08000f85   Thumb Code    54  stm32f4xx_hal.o(i.HAL_Init)
    HAL_InitTick                             0x08000fc1   Thumb Code    64  stm32f4xx_hal.o(i.HAL_InitTick)
    HAL_MspInit                              0x0800100d   Thumb Code    68  stm32f4xx_hal_msp.o(i.HAL_MspInit)
    HAL_NVIC_EnableIRQ                       0x08001055   Thumb Code    32  stm32f4xx_hal_cortex.o(i.HAL_NVIC_EnableIRQ)
    HAL_NVIC_SetPriority                     0x08001075   Thumb Code   124  stm32f4xx_hal_cortex.o(i.HAL_NVIC_SetPriority)
    HAL_NVIC_SetPriorityGrouping             0x080010f1   Thumb Code    32  stm32f4xx_hal_cortex.o(i.HAL_NVIC_SetPriorityGrouping)
    HAL_RCC_ClockConfig                      0x08001119   Thumb Code   368  stm32f4xx_hal_rcc.o(i.HAL_RCC_ClockConfig)
    HAL_RCC_GetHCLKFreq                      0x0800129d   Thumb Code     6  stm32f4xx_hal_rcc.o(i.HAL_RCC_GetHCLKFreq)
    HAL_RCC_GetPCLK1Freq                     0x080012a9   Thumb Code    22  stm32f4xx_hal_rcc.o(i.HAL_RCC_GetPCLK1Freq)
    HAL_RCC_GetPCLK2Freq                     0x080012c9   Thumb Code    22  stm32f4xx_hal_rcc.o(i.HAL_RCC_GetPCLK2Freq)
    HAL_RCC_GetSysClockFreq                  0x080012e9   Thumb Code   162  stm32f4xx_hal_rcc.o(i.HAL_RCC_GetSysClockFreq)
    HAL_RCC_OscConfig                        0x08001399   Thumb Code  1152  stm32f4xx_hal_rcc.o(i.HAL_RCC_OscConfig)
    HAL_SYSTICK_Config                       0x08001821   Thumb Code    52  stm32f4xx_hal_cortex.o(i.HAL_SYSTICK_Config)
    HAL_TIMEx_BreakCallback                  0x08001855   Thumb Code     2  stm32f4xx_hal_tim_ex.o(i.HAL_TIMEx_BreakCallback)
    HAL_TIMEx_CommutCallback                 0x08001857   Thumb Code     2  stm32f4xx_hal_tim_ex.o(i.HAL_TIMEx_CommutCallback)
    HAL_TIMEx_MasterConfigSynchronization    0x08001859   Thumb Code   150  stm32f4xx_hal_tim_ex.o(i.HAL_TIMEx_MasterConfigSynchronization)
    HAL_TIM_Base_Init                        0x0800190d   Thumb Code    52  stm32f4xx_hal_tim.o(i.HAL_TIM_Base_Init)
    HAL_TIM_Base_MspInit                     0x08001941   Thumb Code    62  tim.o(i.HAL_TIM_Base_MspInit)
    HAL_TIM_Base_Start_IT                    0x08001989   Thumb Code    42  stm32f4xx_hal_tim.o(i.HAL_TIM_Base_Start_IT)
    HAL_TIM_ConfigClockSource                0x080019b3   Thumb Code   264  stm32f4xx_hal_tim.o(i.HAL_TIM_ConfigClockSource)
    HAL_TIM_IC_CaptureCallback               0x08001abb   Thumb Code     2  stm32f4xx_hal_tim.o(i.HAL_TIM_IC_CaptureCallback)
    HAL_TIM_IRQHandler                       0x08001abd   Thumb Code   406  stm32f4xx_hal_tim.o(i.HAL_TIM_IRQHandler)
    HAL_TIM_OC_DelayElapsedCallback          0x08001c53   Thumb Code     2  stm32f4xx_hal_tim.o(i.HAL_TIM_OC_DelayElapsedCallback)
    HAL_TIM_PWM_PulseFinishedCallback        0x08001c55   Thumb Code     2  stm32f4xx_hal_tim.o(i.HAL_TIM_PWM_PulseFinishedCallback)
    HAL_TIM_PeriodElapsedCallback            0x08001c59   Thumb Code    16  main.o(i.HAL_TIM_PeriodElapsedCallback)
    HAL_TIM_TriggerCallback                  0x08001c6d   Thumb Code     2  stm32f4xx_hal_tim.o(i.HAL_TIM_TriggerCallback)
    HAL_UART_Init                            0x08001c6f   Thumb Code   114  stm32f4xx_hal_uart.o(i.HAL_UART_Init)
    HAL_UART_MspInit                         0x08001ce1   Thumb Code   122  usart.o(i.HAL_UART_MspInit)
    HAL_UART_Transmit                        0x08001d69   Thumb Code   216  stm32f4xx_hal_uart.o(i.HAL_UART_Transmit)
    HardFault_Handler                        0x08001e41   Thumb Code     4  stm32f4xx_it.o(i.HardFault_Handler)
    I2C1_ER_IRQHandler                       0x08001e45   Thumb Code    10  stm32f4xx_it.o(i.I2C1_ER_IRQHandler)
    I2C1_EV_IRQHandler                       0x08001e55   Thumb Code    10  stm32f4xx_it.o(i.I2C1_EV_IRQHandler)
    MX_GPIO_Init                             0x08002fd1   Thumb Code   204  gpio.o(i.MX_GPIO_Init)
    MX_I2C1_Init                             0x080030a5   Thumb Code    48  i2c.o(i.MX_I2C1_Init)
    MX_TIM3_Init                             0x080030e1   Thumb Code   102  tim.o(i.MX_TIM3_Init)
    MX_USART2_UART_Init                      0x08003151   Thumb Code    46  usart.o(i.MX_USART2_UART_Init)
    MemManage_Handler                        0x08003189   Thumb Code     4  stm32f4xx_it.o(i.MemManage_Handler)
    NMI_Handler                              0x0800318d   Thumb Code     2  stm32f4xx_it.o(i.NMI_Handler)
    PendSV_Handler                           0x0800318f   Thumb Code     2  stm32f4xx_it.o(i.PendSV_Handler)
    SVC_Handler                              0x08003191   Thumb Code     2  stm32f4xx_it.o(i.SVC_Handler)
    SysTick_Handler                          0x08003193   Thumb Code     8  stm32f4xx_it.o(i.SysTick_Handler)
    SystemClock_Config                       0x0800319d   Thumb Code   172  main.o(i.SystemClock_Config)
    SystemInit                               0x08003251   Thumb Code    24  system_stm32f4xx.o(i.SystemInit)
    TIM3_IRQHandler                          0x0800326d   Thumb Code    10  stm32f4xx_it.o(i.TIM3_IRQHandler)
    TIM_Base_SetConfig                       0x0800327d   Thumb Code   170  stm32f4xx_hal_tim.o(i.TIM_Base_SetConfig)
    TIM_ETR_SetConfig                        0x08003355   Thumb Code    22  stm32f4xx_hal_tim.o(i.TIM_ETR_SetConfig)
    UsageFault_Handler                       0x08003821   Thumb Code     4  stm32f4xx_it.o(i.UsageFault_Handler)
    __scatterload_copy                       0x0800385d   Thumb Code    14  handlers.o(i.__scatterload_copy)
    __scatterload_null                       0x0800386b   Thumb Code     2  handlers.o(i.__scatterload_null)
    __scatterload_zeroinit                   0x0800386d   Thumb Code    14  handlers.o(i.__scatterload_zeroinit)
    bme280_compensate_data                   0x0800388d   Thumb Code    90  bme280.o(i.bme280_compensate_data)
    bme280_get_regs                          0x080038e7   Thumb Code    60  bme280.o(i.bme280_get_regs)
    bme280_get_sensor_data                   0x08003923   Thumb Code    86  bme280.o(i.bme280_get_sensor_data)
    bme280_get_sensor_mode                   0x08003979   Thumb Code    42  bme280.o(i.bme280_get_sensor_mode)
    bme280_init                              0x080039a3   Thumb Code    98  bme280.o(i.bme280_init)
    bme280_parse_sensor_data                 0x08003a05   Thumb Code    56  bme280.o(i.bme280_parse_sensor_data)
    bme280_set_regs                          0x08003a3d   Thumb Code   158  bme280.o(i.bme280_set_regs)
    bme280_set_sensor_mode                   0x08003adb   Thumb Code    58  bme280.o(i.bme280_set_sensor_mode)
    bme280_set_sensor_settings               0x08003b15   Thumb Code    98  bme280.o(i.bme280_set_sensor_settings)
    bme280_soft_reset                        0x08003b77   Thumb Code   108  bme280.o(i.bme280_soft_reset)
    free                                     0x08004041   Thumb Code    76  malloc.o(i.free)
    main                                     0x080040fd   Thumb Code    84  main.o(i.main)
    malloc                                   0x08004175   Thumb Code    92  malloc.o(i.malloc)
    readId                                   0x08004335   Thumb Code    52  main.o(i.readId)
    stream_sensor_data_normal_mode           0x080044b7   Thumb Code    88  main.o(i.stream_sensor_data_normal_mode)
    user_delay_ms                            0x0800450f   Thumb Code    12  main.o(i.user_delay_ms)
    user_i2c_read                            0x0800451d   Thumb Code    70  main.o(i.user_i2c_read)
    user_i2c_write                           0x08004569   Thumb Code    80  main.o(i.user_i2c_write)
    AHBPrescTable                            0x080045f4   Data          16  system_stm32f4xx.o(.constdata)
    APBPrescTable                            0x08004604   Data           8  system_stm32f4xx.o(.constdata)
    Region$$Table$$Base                      0x0800460c   Number         0  anon$$obj.o(Region$$Table)
    Region$$Table$$Limit                     0x0800462c   Number         0  anon$$obj.o(Region$$Table)
    bufferDataReceiver                       0x20000000   Data           1  main.o(.data)
    uwTick                                   0x20000004   Data           4  stm32f4xx_hal.o(.data)
    uwTickPrio                               0x20000008   Data           4  stm32f4xx_hal.o(.data)
    uwTickFreq                               0x2000000c   Data           1  stm32f4xx_hal.o(.data)
    SystemCoreClock                          0x20000010   Data           4  system_stm32f4xx.o(.data)
    __microlib_freelist                      0x20000014   Data           4  mvars.o(.data)
    __microlib_freelist_initialised          0x20000018   Data           4  mvars.o(.data)
    hi2c1                                    0x2000001c   Data          84  i2c.o(.bss)
    htim3                                    0x20000070   Data          64  tim.o(.bss)
    huart2                                   0x200000b0   Data          64  usart.o(.bss)
    __heap_base                              0x200000f0   Data           0  startup_stm32f407xx.o(HEAP)
    __heap_limit                             0x200002f0   Data           0  startup_stm32f407xx.o(HEAP)
    __initial_sp                             0x200006f0   Data           0  startup_stm32f407xx.o(STACK)



==============================================================================

Memory Map of the image

  Image Entry point : 0x08000189

  Load Region LR_IROM1 (Base: 0x08000000, Size: 0x00004648, Max: 0x00100000, ABSOLUTE)

    Execution Region ER_IROM1 (Exec base: 0x08000000, Load base: 0x08000000, Size: 0x0000462c, Max: 0x00100000, ABSOLUTE)

    Exec Addr    Load Addr    Size         Type   Attr      Idx    E Section Name        Object

    0x08000000   0x08000000   0x00000188   Data   RO            3    RESET               startup_stm32f407xx.o
    0x08000188   0x08000188   0x00000000   Code   RO         3656  * .ARM.Collect$$$$00000000  mc_w.l(entry.o)
    0x08000188   0x08000188   0x00000004   Code   RO         3697    .ARM.Collect$$$$00000001  mc_w.l(entry2.o)
    0x0800018c   0x0800018c   0x00000004   Code   RO         3700    .ARM.Collect$$$$00000004  mc_w.l(entry5.o)
    0x08000190   0x08000190   0x00000000   Code   RO         3702    .ARM.Collect$$$$00000008  mc_w.l(entry7b.o)
    0x08000190   0x08000190   0x00000000   Code   RO         3704    .ARM.Collect$$$$0000000A  mc_w.l(entry8b.o)
    0x08000190   0x08000190   0x00000008   Code   RO         3705    .ARM.Collect$$$$0000000B  mc_w.l(entry9a.o)
    0x08000198   0x08000198   0x00000000   Code   RO         3707    .ARM.Collect$$$$0000000D  mc_w.l(entry10a.o)
    0x08000198   0x08000198   0x00000000   Code   RO         3709    .ARM.Collect$$$$0000000F  mc_w.l(entry11a.o)
    0x08000198   0x08000198   0x00000004   Code   RO         3698    .ARM.Collect$$$$00002712  mc_w.l(entry2.o)
    0x0800019c   0x0800019c   0x00000024   Code   RO            4    .text               startup_stm32f407xx.o
    0x080001c0   0x080001c0   0x00000062   Code   RO         3659    .text               mc_w.l(uldiv.o)
    0x08000222   0x08000222   0x00000062   Code   RO         3661    .text               mc_w.l(ldiv.o)
    0x08000284   0x08000284   0x00000024   Code   RO         3663    .text               mc_w.l(memcpya.o)
    0x080002a8   0x080002a8   0x00000024   Code   RO         3665    .text               mc_w.l(memseta.o)
    0x080002cc   0x080002cc   0x0000001e   Code   RO         3711    .text               mc_w.l(llshl.o)
    0x080002ea   0x080002ea   0x00000020   Code   RO         3713    .text               mc_w.l(llushr.o)
    0x0800030a   0x0800030a   0x00000002   PAD
    0x0800030c   0x0800030c   0x00000024   Code   RO         3717    .text               mc_w.l(init.o)
    0x08000330   0x08000330   0x00000004   Code   RO          567    i.BusFault_Handler  stm32f4xx_it.o
    0x08000334   0x08000334   0x00000002   Code   RO          568    i.DebugMon_Handler  stm32f4xx_it.o
    0x08000336   0x08000336   0x00000002   Code   RO          209    i.Error_Handler     main.o
    0x08000338   0x08000338   0x00000028   Code   RO         2948    i.HAL_DMA_Abort_IT  stm32f4xx_hal_dma.o
    0x08000360   0x08000360   0x00000008   Code   RO         2951    i.HAL_DMA_GetState  stm32f4xx_hal_dma.o
    0x08000368   0x08000368   0x00000028   Code   RO         3371    i.HAL_Delay         stm32f4xx_hal.o
    0x08000390   0x08000390   0x00000200   Code   RO         2840    i.HAL_GPIO_Init     stm32f4xx_hal_gpio.o
    0x08000590   0x08000590   0x0000000c   Code   RO         2844    i.HAL_GPIO_WritePin  stm32f4xx_hal_gpio.o
    0x0800059c   0x0800059c   0x0000000c   Code   RO         3377    i.HAL_GetTick       stm32f4xx_hal.o
    0x080005a8   0x080005a8   0x00000002   Code   RO          685    i.HAL_I2C_AbortCpltCallback  stm32f4xx_hal_i2c.o
    0x080005aa   0x080005aa   0x00000002   Code   RO          686    i.HAL_I2C_AddrCallback  stm32f4xx_hal_i2c.o
    0x080005ac   0x080005ac   0x000000d4   Code   RO          689    i.HAL_I2C_ER_IRQHandler  stm32f4xx_hal_i2c.o
    0x08000680   0x08000680   0x000001c4   Code   RO          690    i.HAL_I2C_EV_IRQHandler  stm32f4xx_hal_i2c.o
    0x08000844   0x08000844   0x00000002   Code   RO          692    i.HAL_I2C_ErrorCallback  stm32f4xx_hal_i2c.o
    0x08000846   0x08000846   0x00000002   PAD
    0x08000848   0x08000848   0x000001d0   Code   RO          696    i.HAL_I2C_Init      stm32f4xx_hal_i2c.o
    0x08000a18   0x08000a18   0x00000002   Code   RO          698    i.HAL_I2C_ListenCpltCallback  stm32f4xx_hal_i2c.o
    0x08000a1a   0x08000a1a   0x00000002   PAD
    0x08000a1c   0x08000a1c   0x00000034   Code   RO          210    i.HAL_I2C_MasterRxCpltCallback  main.o
    0x08000a50   0x08000a50   0x00000002   Code   RO          700    i.HAL_I2C_MasterTxCpltCallback  stm32f4xx_hal_i2c.o
    0x08000a52   0x08000a52   0x00000002   PAD
    0x08000a54   0x08000a54   0x000002f8   Code   RO          702    i.HAL_I2C_Master_Receive  stm32f4xx_hal_i2c.o
    0x08000d4c   0x08000d4c   0x00000170   Code   RO          709    i.HAL_I2C_Master_Transmit  stm32f4xx_hal_i2c.o
    0x08000ebc   0x08000ebc   0x00000002   Code   RO          712    i.HAL_I2C_MemRxCpltCallback  stm32f4xx_hal_i2c.o
    0x08000ebe   0x08000ebe   0x00000002   Code   RO          713    i.HAL_I2C_MemTxCpltCallback  stm32f4xx_hal_i2c.o
    0x08000ec0   0x08000ec0   0x000000a8   Code   RO          442    i.HAL_I2C_MspInit   i2c.o
    0x08000f68   0x08000f68   0x00000002   Code   RO          722    i.HAL_I2C_SlaveRxCpltCallback  stm32f4xx_hal_i2c.o
    0x08000f6a   0x08000f6a   0x00000002   Code   RO          723    i.HAL_I2C_SlaveTxCpltCallback  stm32f4xx_hal_i2c.o
    0x08000f6c   0x08000f6c   0x00000018   Code   RO         3383    i.HAL_IncTick       stm32f4xx_hal.o
    0x08000f84   0x08000f84   0x0000003c   Code   RO         3384    i.HAL_Init          stm32f4xx_hal.o
    0x08000fc0   0x08000fc0   0x0000004c   Code   RO         3385    i.HAL_InitTick      stm32f4xx_hal.o
    0x0800100c   0x0800100c   0x00000048   Code   RO          661    i.HAL_MspInit       stm32f4xx_hal_msp.o
    0x08001054   0x08001054   0x00000020   Code   RO         3229    i.HAL_NVIC_EnableIRQ  stm32f4xx_hal_cortex.o
    0x08001074   0x08001074   0x0000007c   Code   RO         3235    i.HAL_NVIC_SetPriority  stm32f4xx_hal_cortex.o
    0x080010f0   0x080010f0   0x00000028   Code   RO         3236    i.HAL_NVIC_SetPriorityGrouping  stm32f4xx_hal_cortex.o
    0x08001118   0x08001118   0x00000184   Code   RO         2441    i.HAL_RCC_ClockConfig  stm32f4xx_hal_rcc.o
    0x0800129c   0x0800129c   0x0000000c   Code   RO         2446    i.HAL_RCC_GetHCLKFreq  stm32f4xx_hal_rcc.o
    0x080012a8   0x080012a8   0x00000020   Code   RO         2448    i.HAL_RCC_GetPCLK1Freq  stm32f4xx_hal_rcc.o
    0x080012c8   0x080012c8   0x00000020   Code   RO         2449    i.HAL_RCC_GetPCLK2Freq  stm32f4xx_hal_rcc.o
    0x080012e8   0x080012e8   0x000000b0   Code   RO         2450    i.HAL_RCC_GetSysClockFreq  stm32f4xx_hal_rcc.o
    0x08001398   0x08001398   0x00000488   Code   RO         2453    i.HAL_RCC_OscConfig  stm32f4xx_hal_rcc.o
    0x08001820   0x08001820   0x00000034   Code   RO         3240    i.HAL_SYSTICK_Config  stm32f4xx_hal_cortex.o
    0x08001854   0x08001854   0x00000002   Code   RO         1858    i.HAL_TIMEx_BreakCallback  stm32f4xx_hal_tim_ex.o
    0x08001856   0x08001856   0x00000002   Code   RO         1859    i.HAL_TIMEx_CommutCallback  stm32f4xx_hal_tim_ex.o
    0x08001858   0x08001858   0x000000b4   Code   RO         1876    i.HAL_TIMEx_MasterConfigSynchronization  stm32f4xx_hal_tim_ex.o
    0x0800190c   0x0800190c   0x00000034   Code   RO         1172    i.HAL_TIM_Base_Init  stm32f4xx_hal_tim.o
    0x08001940   0x08001940   0x00000048   Code   RO          484    i.HAL_TIM_Base_MspInit  tim.o
    0x08001988   0x08001988   0x0000002a   Code   RO         1177    i.HAL_TIM_Base_Start_IT  stm32f4xx_hal_tim.o
    0x080019b2   0x080019b2   0x00000108   Code   RO         1181    i.HAL_TIM_ConfigClockSource  stm32f4xx_hal_tim.o
    0x08001aba   0x08001aba   0x00000002   Code   RO         1201    i.HAL_TIM_IC_CaptureCallback  stm32f4xx_hal_tim.o
    0x08001abc   0x08001abc   0x00000196   Code   RO         1215    i.HAL_TIM_IRQHandler  stm32f4xx_hal_tim.o
    0x08001c52   0x08001c52   0x00000002   Code   RO         1218    i.HAL_TIM_OC_DelayElapsedCallback  stm32f4xx_hal_tim.o
    0x08001c54   0x08001c54   0x00000002   Code   RO         1245    i.HAL_TIM_PWM_PulseFinishedCallback  stm32f4xx_hal_tim.o
    0x08001c56   0x08001c56   0x00000002   PAD
    0x08001c58   0x08001c58   0x00000014   Code   RO          211    i.HAL_TIM_PeriodElapsedCallback  main.o
    0x08001c6c   0x08001c6c   0x00000002   Code   RO         1258    i.HAL_TIM_TriggerCallback  stm32f4xx_hal_tim.o
    0x08001c6e   0x08001c6e   0x00000072   Code   RO         2134    i.HAL_UART_Init     stm32f4xx_hal_uart.o
    0x08001ce0   0x08001ce0   0x00000088   Code   RO          526    i.HAL_UART_MspInit  usart.o
    0x08001d68   0x08001d68   0x000000d8   Code   RO         2142    i.HAL_UART_Transmit  stm32f4xx_hal_uart.o
    0x08001e40   0x08001e40   0x00000004   Code   RO          569    i.HardFault_Handler  stm32f4xx_it.o
    0x08001e44   0x08001e44   0x00000010   Code   RO          570    i.I2C1_ER_IRQHandler  stm32f4xx_it.o
    0x08001e54   0x08001e54   0x00000010   Code   RO          571    i.I2C1_EV_IRQHandler  stm32f4xx_it.o
    0x08001e64   0x08001e64   0x0000001c   Code   RO          734    i.I2C_ConvertOtherXferOptions  stm32f4xx_hal_i2c.o
    0x08001e80   0x08001e80   0x000000ac   Code   RO          735    i.I2C_DMAAbort      stm32f4xx_hal_i2c.o
    0x08001f2c   0x08001f2c   0x000001a4   Code   RO          738    i.I2C_ITError       stm32f4xx_hal_i2c.o
    0x080020d0   0x080020d0   0x0000003e   Code   RO          739    i.I2C_IsAcknowledgeFailed  stm32f4xx_hal_i2c.o
    0x0800210e   0x0800210e   0x00000126   Code   RO          740    i.I2C_MasterReceive_BTF  stm32f4xx_hal_i2c.o
    0x08002234   0x08002234   0x000000a4   Code   RO          741    i.I2C_MasterReceive_RXNE  stm32f4xx_hal_i2c.o
    0x080022d8   0x080022d8   0x00000130   Code   RO          742    i.I2C_MasterRequestRead  stm32f4xx_hal_i2c.o
    0x08002408   0x08002408   0x000000bc   Code   RO          743    i.I2C_MasterRequestWrite  stm32f4xx_hal_i2c.o
    0x080024c4   0x080024c4   0x000000b0   Code   RO          744    i.I2C_MasterTransmit_BTF  stm32f4xx_hal_i2c.o
    0x08002574   0x08002574   0x000000d8   Code   RO          745    i.I2C_MasterTransmit_TXE  stm32f4xx_hal_i2c.o
    0x0800264c   0x0800264c   0x0000002a   Code   RO          746    i.I2C_Master_ADD10  stm32f4xx_hal_i2c.o
    0x08002676   0x08002676   0x00000268   Code   RO          747    i.I2C_Master_ADDR   stm32f4xx_hal_i2c.o
    0x080028de   0x080028de   0x0000009e   Code   RO          748    i.I2C_Master_SB     stm32f4xx_hal_i2c.o
    0x0800297c   0x0800297c   0x0000007c   Code   RO          749    i.I2C_MemoryTransmit_TXE_BTF  stm32f4xx_hal_i2c.o
    0x080029f8   0x080029f8   0x0000001a   Code   RO          752    i.I2C_SlaveReceive_BTF  stm32f4xx_hal_i2c.o
    0x08002a12   0x08002a12   0x00000046   Code   RO          753    i.I2C_SlaveReceive_RXNE  stm32f4xx_hal_i2c.o
    0x08002a58   0x08002a58   0x0000001a   Code   RO          754    i.I2C_SlaveTransmit_BTF  stm32f4xx_hal_i2c.o
    0x08002a72   0x08002a72   0x00000046   Code   RO          755    i.I2C_SlaveTransmit_TXE  stm32f4xx_hal_i2c.o
    0x08002ab8   0x08002ab8   0x00000066   Code   RO          756    i.I2C_Slave_ADDR    stm32f4xx_hal_i2c.o
    0x08002b1e   0x08002b1e   0x00000002   PAD
    0x08002b20   0x08002b20   0x000000a0   Code   RO          757    i.I2C_Slave_AF      stm32f4xx_hal_i2c.o
    0x08002bc0   0x08002bc0   0x0000018c   Code   RO          758    i.I2C_Slave_STOPF   stm32f4xx_hal_i2c.o
    0x08002d4c   0x08002d4c   0x0000005c   Code   RO          759    i.I2C_WaitOnBTFFlagUntilTimeout  stm32f4xx_hal_i2c.o
    0x08002da8   0x08002da8   0x00000086   Code   RO          760    i.I2C_WaitOnFlagUntilTimeout  stm32f4xx_hal_i2c.o
    0x08002e2e   0x08002e2e   0x000000c4   Code   RO          761    i.I2C_WaitOnMasterAddressFlagUntilTimeout  stm32f4xx_hal_i2c.o
    0x08002ef2   0x08002ef2   0x00000080   Code   RO          762    i.I2C_WaitOnRXNEFlagUntilTimeout  stm32f4xx_hal_i2c.o
    0x08002f72   0x08002f72   0x0000005c   Code   RO          764    i.I2C_WaitOnTXEFlagUntilTimeout  stm32f4xx_hal_i2c.o
    0x08002fce   0x08002fce   0x00000002   PAD
    0x08002fd0   0x08002fd0   0x000000d4   Code   RO          417    i.MX_GPIO_Init      gpio.o
    0x080030a4   0x080030a4   0x0000003c   Code   RO          443    i.MX_I2C1_Init      i2c.o
    0x080030e0   0x080030e0   0x00000070   Code   RO          485    i.MX_TIM3_Init      tim.o
    0x08003150   0x08003150   0x00000038   Code   RO          527    i.MX_USART2_UART_Init  usart.o
    0x08003188   0x08003188   0x00000004   Code   RO          572    i.MemManage_Handler  stm32f4xx_it.o
    0x0800318c   0x0800318c   0x00000002   Code   RO          573    i.NMI_Handler       stm32f4xx_it.o
    0x0800318e   0x0800318e   0x00000002   Code   RO          574    i.PendSV_Handler    stm32f4xx_it.o
    0x08003190   0x08003190   0x00000002   Code   RO          575    i.SVC_Handler       stm32f4xx_it.o
    0x08003192   0x08003192   0x00000008   Code   RO          576    i.SysTick_Handler   stm32f4xx_it.o
    0x0800319a   0x0800319a   0x00000002   PAD
    0x0800319c   0x0800319c   0x000000b4   Code   RO          212    i.SystemClock_Config  main.o
    0x08003250   0x08003250   0x0000001c   Code   RO         3623    i.SystemInit        system_stm32f4xx.o
    0x0800326c   0x0800326c   0x00000010   Code   RO          577    i.TIM3_IRQHandler   stm32f4xx_it.o
    0x0800327c   0x0800327c   0x000000d8   Code   RO         1260    i.TIM_Base_SetConfig  stm32f4xx_hal_tim.o
    0x08003354   0x08003354   0x00000016   Code   RO         1271    i.TIM_ETR_SetConfig  stm32f4xx_hal_tim.o
    0x0800336a   0x0800336a   0x00000012   Code   RO         1272    i.TIM_ITRx_SetConfig  stm32f4xx_hal_tim.o
    0x0800337c   0x0800337c   0x00000026   Code   RO         1278    i.TIM_TI1_ConfigInputStage  stm32f4xx_hal_tim.o
    0x080033a2   0x080033a2   0x00000028   Code   RO         1280    i.TIM_TI2_ConfigInputStage  stm32f4xx_hal_tim.o
    0x080033ca   0x080033ca   0x00000002   PAD
    0x080033cc   0x080033cc   0x000003e8   Code   RO         2161    i.UART_SetConfig    stm32f4xx_hal_uart.o
    0x080037b4   0x080037b4   0x0000006c   Code   RO         2163    i.UART_WaitOnFlagUntilTimeout  stm32f4xx_hal_uart.o
    0x08003820   0x08003820   0x00000004   Code   RO          578    i.UsageFault_Handler  stm32f4xx_it.o
    0x08003824   0x08003824   0x00000010   Code   RO         3242    i.__NVIC_GetPriorityGrouping  stm32f4xx_hal_cortex.o
    0x08003834   0x08003834   0x00000028   Code   RO         3243    i.__NVIC_SetPriority  stm32f4xx_hal_cortex.o
    0x0800385c   0x0800385c   0x0000000e   Code   RO         3721    i.__scatterload_copy  mc_w.l(handlers.o)
    0x0800386a   0x0800386a   0x00000002   Code   RO         3722    i.__scatterload_null  mc_w.l(handlers.o)
    0x0800386c   0x0800386c   0x0000000e   Code   RO         3723    i.__scatterload_zeroinit  mc_w.l(handlers.o)
    0x0800387a   0x0800387a   0x00000012   Code   RO           10    i.are_settings_changed  bme280.o
    0x0800388c   0x0800388c   0x0000005a   Code   RO           12    i.bme280_compensate_data  bme280.o
    0x080038e6   0x080038e6   0x0000003c   Code   RO           13    i.bme280_get_regs   bme280.o
    0x08003922   0x08003922   0x00000056   Code   RO           14    i.bme280_get_sensor_data  bme280.o
    0x08003978   0x08003978   0x0000002a   Code   RO           15    i.bme280_get_sensor_mode  bme280.o
    0x080039a2   0x080039a2   0x00000062   Code   RO           17    i.bme280_init       bme280.o
    0x08003a04   0x08003a04   0x00000038   Code   RO           18    i.bme280_parse_sensor_data  bme280.o
    0x08003a3c   0x08003a3c   0x0000009e   Code   RO           19    i.bme280_set_regs   bme280.o
    0x08003ada   0x08003ada   0x0000003a   Code   RO           20    i.bme280_set_sensor_mode  bme280.o
    0x08003b14   0x08003b14   0x00000062   Code   RO           21    i.bme280_set_sensor_settings  bme280.o
    0x08003b76   0x08003b76   0x0000006c   Code   RO           22    i.bme280_soft_reset  bme280.o
    0x08003be2   0x08003be2   0x0000010e   Code   RO           23    i.compensate_humidity  bme280.o
    0x08003cf0   0x08003cf0   0x00000294   Code   RO           24    i.compensate_pressure  bme280.o
    0x08003f84   0x08003f84   0x0000008c   Code   RO           25    i.compensate_temperature  bme280.o
    0x08004010   0x08004010   0x0000000c   Code   RO           26    i.fill_filter_settings  bme280.o
    0x0800401c   0x0800401c   0x0000000c   Code   RO           27    i.fill_osr_press_settings  bme280.o
    0x08004028   0x08004028   0x0000000c   Code   RO           28    i.fill_osr_temp_settings  bme280.o
    0x08004034   0x08004034   0x0000000c   Code   RO           29    i.fill_standby_settings  bme280.o
    0x08004040   0x08004040   0x00000050   Code   RO         3669    i.free              mc_w.l(malloc.o)
    0x08004090   0x08004090   0x00000048   Code   RO           30    i.get_calib_data    bme280.o
    0x080040d8   0x080040d8   0x00000022   Code   RO           31    i.interleave_reg_addr  bme280.o
    0x080040fa   0x080040fa   0x00000002   PAD
    0x080040fc   0x080040fc   0x00000078   Code   RO          213    i.main              main.o
    0x08004174   0x08004174   0x0000006c   Code   RO         3670    i.malloc            mc_w.l(malloc.o)
    0x080041e0   0x080041e0   0x0000001a   Code   RO           32    i.null_ptr_check    bme280.o
    0x080041fa   0x080041fa   0x00000026   Code   RO           33    i.parse_device_settings  bme280.o
    0x08004220   0x08004220   0x00000046   Code   RO           34    i.parse_humidity_calib_data  bme280.o
    0x08004266   0x08004266   0x0000009a   Code   RO           35    i.parse_temp_press_calib_data  bme280.o
    0x08004300   0x08004300   0x00000034   Code   RO           36    i.put_device_to_sleep  bme280.o
    0x08004334   0x08004334   0x00000040   Code   RO          214    i.readId            main.o
    0x08004374   0x08004374   0x00000024   Code   RO           37    i.reload_device_settings  bme280.o
    0x08004398   0x08004398   0x00000050   Code   RO           38    i.set_filter_standby_settings  bme280.o
    0x080043e8   0x080043e8   0x0000004a   Code   RO           39    i.set_osr_humidity_settings  bme280.o
    0x08004432   0x08004432   0x00000050   Code   RO           40    i.set_osr_press_temp_settings  bme280.o
    0x08004482   0x08004482   0x00000034   Code   RO           41    i.set_osr_settings  bme280.o
    0x080044b6   0x080044b6   0x00000058   Code   RO          215    i.stream_sensor_data_normal_mode  main.o
    0x0800450e   0x0800450e   0x0000000c   Code   RO          216    i.user_delay_ms     main.o
    0x0800451a   0x0800451a   0x00000002   PAD
    0x0800451c   0x0800451c   0x0000004c   Code   RO          217    i.user_i2c_read     main.o
    0x08004568   0x08004568   0x00000054   Code   RO          218    i.user_i2c_write    main.o
    0x080045bc   0x080045bc   0x00000038   Code   RO           42    i.write_power_mode  bme280.o
    0x080045f4   0x080045f4   0x00000018   Data   RO         3624    .constdata          system_stm32f4xx.o
    0x0800460c   0x0800460c   0x00000020   Data   RO         3719    Region$$Table       anon$$obj.o


    Execution Region RW_IRAM1 (Exec base: 0x20000000, Load base: 0x0800462c, Size: 0x000006f0, Max: 0x00020000, ABSOLUTE)

    Exec Addr    Load Addr    Size         Type   Attr      Idx    E Section Name        Object

    0x20000000   0x0800462c   0x00000001   Data   RW          219    .data               main.o
    0x20000001   0x0800462d   0x00000003   PAD
    0x20000004   0x08004630   0x00000009   Data   RW         3391    .data               stm32f4xx_hal.o
    0x2000000d   0x08004639   0x00000003   PAD
    0x20000010   0x0800463c   0x00000004   Data   RW         3625    .data               system_stm32f4xx.o
    0x20000014   0x08004640   0x00000004   Data   RW         3715    .data               mc_w.l(mvars.o)
    0x20000018   0x08004644   0x00000004   Data   RW         3716    .data               mc_w.l(mvars.o)
    0x2000001c        -       0x00000054   Zero   RW          444    .bss                i2c.o
    0x20000070        -       0x00000040   Zero   RW          486    .bss                tim.o
    0x200000b0        -       0x00000040   Zero   RW          528    .bss                usart.o
    0x200000f0        -       0x00000200   Zero   RW            2    HEAP                startup_stm32f407xx.o
    0x200002f0        -       0x00000400   Zero   RW            1    STACK               startup_stm32f407xx.o


==============================================================================

Image component sizes


      Code (inc. data)   RO Data    RW Data    ZI Data      Debug   Object Name

      2814         14          0          0          0      30450   bme280.o
       212          8          0          0          0       1011   gpio.o
       228         24          0          0         84       1693   i2c.o
       698         92          0          1          0     699363   main.o
        36          8        392          0       1536        852   startup_stm32f407xx.o
       212         36          0          9          0       9505   stm32f4xx_hal.o
       304         22          0          0          0      34547   stm32f4xx_hal_cortex.o
        48          0          0          0          0       1770   stm32f4xx_hal_dma.o
       524         46          0          0          0       2356   stm32f4xx_hal_gpio.o
      6730         72          0          0          0      33057   stm32f4xx_hal_i2c.o
        72          4          0          0          0        858   stm32f4xx_hal_msp.o
      1800         84          0          0          0       5712   stm32f4xx_hal_rcc.o
      1106         46          0          0          0       9707   stm32f4xx_hal_tim.o
       184         30          0          0          0       2549   stm32f4xx_hal_tim_ex.o
      1438          8          0          0          0       3860   stm32f4xx_hal_uart.o
        80         18          0          0          0       5762   stm32f4xx_it.o
        28          4         24          4          0       1175   system_stm32f4xx.o
       184         20          0          0         64       1694   tim.o
       192         24          0          0         64       1714   usart.o

    ----------------------------------------------------------------------
     16910        560        448         20       1748     847635   Object Totals
         0          0         32          0          0          0   (incl. Generated)
        20          0          0          6          0          0   (incl. Padding)

    ----------------------------------------------------------------------

      Code (inc. data)   RO Data    RW Data    ZI Data      Debug   Library Member Name

         0          0          0          0          0          0   entry.o
         0          0          0          0          0          0   entry10a.o
         0          0          0          0          0          0   entry11a.o
         8          4          0          0          0          0   entry2.o
         4          0          0          0          0          0   entry5.o
         0          0          0          0          0          0   entry7b.o
         0          0          0          0          0          0   entry8b.o
         8          4          0          0          0          0   entry9a.o
        30          0          0          0          0          0   handlers.o
        36          8          0          0          0         68   init.o
        98          0          0          0          0         84   ldiv.o
        30          0          0          0          0         68   llshl.o
        32          0          0          0          0         68   llushr.o
       188         20          0          0          0        160   malloc.o
        36          0          0          0          0         68   memcpya.o
        36          0          0          0          0        108   memseta.o
         0          0          0          8          0          0   mvars.o
        98          0          0          0          0         92   uldiv.o

    ----------------------------------------------------------------------
       606         36          0          8          0        716   Library Totals
         2          0          0          0          0          0   (incl. Padding)

    ----------------------------------------------------------------------

      Code (inc. data)   RO Data    RW Data    ZI Data      Debug   Library Name

       604         36          0          8          0        716   mc_w.l

    ----------------------------------------------------------------------
       606         36          0          8          0        716   Library Totals

    ----------------------------------------------------------------------

==============================================================================


      Code (inc. data)   RO Data    RW Data    ZI Data      Debug   

     17516        596        448         28       1748     834643   Grand Totals
     17516        596        448         28       1748     834643   ELF Image Totals
     17516        596        448         28          0          0   ROM Totals

==============================================================================

    Total RO  Size (Code + RO Data)                17964 (  17.54kB)
    Total RW  Size (RW Data + ZI Data)              1776 (   1.73kB)
    Total ROM Size (Code + RO Data + RW Data)      17992 (  17.57kB)

==============================================================================

